
bruno@DESKTOP-5O6OJ7D MINGW64 ~/OneDrive/Área de Trabalho (master)
$ git --version
git version 2.35.1.windows.1

bruno@DESKTOP-5O6OJ7D MINGW64 ~/OneDrive/Área de Trabalho (master)
$ git config --global user.name
Bruno Salata

bruno@DESKTOP-5O6OJ7D MINGW64 ~/OneDrive/Área de Trabalho (master)
$ git config --global user.email
brunoslima@gmail.com

bruno@DESKTOP-5O6OJ7D MINGW64 ~/OneDrive/Área de Trabalho (master)
$ cd Curso Git/
bash: cd: too many arguments

bruno@DESKTOP-5O6OJ7D MINGW64 ~/OneDrive/Área de Trabalho (master)
$ cd cursogit

bruno@DESKTOP-5O6OJ7D MINGW64 ~/OneDrive/Área de Trabalho/cursogit (master)
$ dir

bruno@DESKTOP-5O6OJ7D MINGW64 ~/OneDrive/Área de Trabalho/cursogit (master)
$ git init
Initialized empty Git repository in C:/Users/bruno/OneDrive/Área de Trabalho/cursogit/.git/

bruno@DESKTOP-5O6OJ7D MINGW64 ~/OneDrive/Área de Trabalho/cursogit (master)
$ dir

bruno@DESKTOP-5O6OJ7D MINGW64 ~/OneDrive/Área de Trabalho/cursogit (master)
$ dir -a
.  ..  .git

bruno@DESKTOP-5O6OJ7D MINGW64 ~/OneDrive/Área de Trabalho/cursogit (master)
$ git init
Reinitialized existing Git repository in C:/Users/bruno/OneDrive/Área de Trabalho/cursogit/.git/

bruno@DESKTOP-5O6OJ7D MINGW64 ~/OneDrive/Área de Trabalho/cursogit (master)
$ dir
readme.txt

bruno@DESKTOP-5O6OJ7D MINGW64 ~/OneDrive/Área de Trabalho/cursogit (master)
$ dir -a
.  ..  .git  readme.txt

bruno@DESKTOP-5O6OJ7D MINGW64 ~/OneDrive/Área de Trabalho/cursogit (master)
$ git status
On branch master

No commits yet

Untracked files:
  (use "git add <file>..." to include in what will be committed)
        readme.txt

nothing added to commit but untracked files present (use "git add" to track)

bruno@DESKTOP-5O6OJ7D MINGW64 ~/OneDrive/Área de Trabalho/cursogit (master)
$ git add readme.txt

bruno@DESKTOP-5O6OJ7D MINGW64 ~/OneDrive/Área de Trabalho/cursogit (master)
$ git status
On branch master

No commits yet

Changes to be committed:
  (use "git rm --cached <file>..." to unstage)
        new file:   readme.txt


bruno@DESKTOP-5O6OJ7D MINGW64 ~/OneDrive/Área de Trabalho/cursogit (master)
$ git add --all

bruno@DESKTOP-5O6OJ7D MINGW64 ~/OneDrive/Área de Trabalho/cursogit (master)
$ git status
On branch master

No commits yet

Changes to be committed:
  (use "git rm --cached <file>..." to unstage)
        new file:   readme.txt


bruno@DESKTOP-5O6OJ7D MINGW64 ~/OneDrive/Área de Trabalho/cursogit (master)
$ git add --all / git add -A / git add .    mesmo comendo para adicionar todos os arquivos da pasta como reastraáveis (as alterações passarão a ser monitoradas)
bash: syntax error near unexpected token `('





bruno@DESKTOP-5O6OJ7D MINGW64 ~/OneDrive/Área de Trabalho/cursogit (master)
$ git status
On branch master

No commits yet

Changes to be committed:
  (use "git rm --cached <file>..." to unstage)
        new file:   readme.txt

Untracked files:
  (use "git add <file>..." to include in what will be committed)
        "Hist\303\263rico Git Bash.txt"


bruno@DESKTOP-5O6OJ7D MINGW64 ~/OneDrive/Área de Trabalho/cursogit (master)
$ git commit -m "adição do arquivo readme"
[master (root-commit) f2d1858] adição do arquivo readme
 1 file changed, 1 insertion(+)
 create mode 100644 readme.txt

bruno@DESKTOP-5O6OJ7D MINGW64 ~/OneDrive/Área de Trabalho/cursogit (master)
$ git status
On branch master
Untracked files:
  (use "git add <file>..." to include in what will be committed)
        "Hist\303\263rico Git Bash.txt"

nothing added to commit but untracked files present (use "git add" to track)

bruno@DESKTOP-5O6OJ7D MINGW64 ~/OneDrive/Área de Trabalho/cursogit (master)
$ git status
On branch master
nothing to commit, working tree clean

bruno@DESKTOP-5O6OJ7D MINGW64 ~/OneDrive/Área de Trabalho/cursogit (master)
$ git status
On branch master
Untracked files:
  (use "git add <file>..." to include in what will be committed)
        readme - Copia.txt

nothing added to commit but untracked files present (use "git add" to track)

bruno@DESKTOP-5O6OJ7D MINGW64 ~/OneDrive/Área de Trabalho/cursogit (master)
$ git status
On branch master
Changes not staged for commit:
  (use "git add <file>..." to update what will be committed)
  (use "git restore <file>..." to discard changes in working directory)
        modified:   readme.txt

Untracked files:
  (use "git add <file>..." to include in what will be committed)
        readme - Copia.txt

no changes added to commit (use "git add" and/or "git commit -a")

bruno@DESKTOP-5O6OJ7D MINGW64 ~/OneDrive/Área de Trabalho/cursogit (master)
$ git add -A

bruno@DESKTOP-5O6OJ7D MINGW64 ~/OneDrive/Área de Trabalho/cursogit (master)
$ git status
On branch master
Changes to be committed:
  (use "git restore --staged <file>..." to unstage)
        new file:   readme - Copia.txt
        modified:   readme.txt


bruno@DESKTOP-5O6OJ7D MINGW64 ~/OneDrive/Área de Trabalho/cursogit (master)
$ git status
On branch master
Changes to be committed:
  (use "git restore --staged <file>..." to unstage)
        new file:   readme - Copia.txt
        modified:   readme.txt

Changes not staged for commit:
  (use "git add <file>..." to update what will be committed)
  (use "git restore <file>..." to discard changes in working directory)
        modified:   readme.txt


bruno@DESKTOP-5O6OJ7D MINGW64 ~/OneDrive/Área de Trabalho/cursogit (master)
$ git add -A

bruno@DESKTOP-5O6OJ7D MINGW64 ~/OneDrive/Área de Trabalho/cursogit (master)
$ git status
On branch master
Changes to be committed:
  (use "git restore --staged <file>..." to unstage)
        new file:   readme - Copia.txt
        modified:   readme.txt


bruno@DESKTOP-5O6OJ7D MINGW64 ~/OneDrive/Área de Trabalho/cursogit (master)
$ git commit -m "explicação tres estados do git"
[master 16a340d] explicação tres estados do git
 2 files changed, 6 insertions(+), 1 deletion(-)
 create mode 100644 readme - Copia.txt

_____________________________________________________________
Acesso ao diretório para continuar o trabalho foi feito indo ao diretório manualmente, clicando com o botão direito do mouse e selecionando "Git Bash Here"
_____________________________________________________________


bruno@DESKTOP-5O6OJ7D MINGW64 ~/OneDrive/Área de Trabalho/cursogit (master)
$ dir
config.txt  readme.txt

bruno@DESKTOP-5O6OJ7D MINGW64 ~/OneDrive/Área de Trabalho/cursogit (master)
$ git log
commit e5a68364c76c3f6ca137ad67cf904260423504ca (HEAD -> master)
Author: Bruno Salata <brunoslima@gmail.com>
Date:   Fri Feb 18 15:41:19 2022 -0300

    modificações

commit 16a340d3b09a32826ec23451e5ba59f06d3c1f0a
Author: Bruno Salata <brunoslima@gmail.com>
Date:   Thu Feb 17 19:32:38 2022 -0300

    explicação tres estados do git

commit f2d185835f62872abe3a4489ab8f070004d55722
Author: Bruno Salata <brunoslima@gmail.com>
Date:   Thu Feb 17 18:56:53 2022 -0300

    adição do arquivo readme

bruno@DESKTOP-5O6OJ7D MINGW64 ~/OneDrive/Área de Trabalho/cursogit (master)
$ Alterações aparecem da mais recente para a mais antiga
bash: Alterações: command not found

bruno@DESKTOP-5O6OJ7D MINGW64 ~/OneDrive/Área de Trabalho/cursogit (master)
$ cha = código único que identifica o commit
bash: cha: command not found

bruno@DESKTOP-5O6OJ7D MINGW64 ~/OneDrive/Área de Trabalho/cursogit (master)
$ alteração seguida da mensagem explicativa incluida no momento do commit -m "mensagem"
bash: alteração: command not found

bruno@DESKTOP-5O6OJ7D MINGW64 ~/OneDrive/Área de Trabalho/cursogit (master)
$ HEAD aponta a última modificação feita em uma branch
HEAD: cannot open 'aponta' for reading: No such file or directory
HEAD: cannot open 'a' for reading: No such file or directory
HEAD: cannot open 'última' for reading: No such file or directory
HEAD: cannot open 'modificação' for reading: No such file or directory
HEAD: cannot open 'feita' for reading: No such file or directory
HEAD: cannot open 'em' for reading: No such file or directory
HEAD: cannot open 'uma' for reading: No such file or directory
HEAD: cannot open 'branch' for reading: No such file or directory

bruno@DESKTOP-5O6OJ7D MINGW64 ~/OneDrive/Área de Trabalho/cursogit (master)
$ git log --online
fatal: unrecognized argument: --online

bruno@DESKTOP-5O6OJ7D MINGW64 ~/OneDrive/Área de Trabalho/cursogit (master)
$ git log --oneline
e5a6836 (HEAD -> master) modificações
16a340d explicação tres estados do git
f2d1858 adição do arquivo readme





bruno@DESKTOP-5O6OJ7D MINGW64 ~/OneDrive/Área de Trabalho/cursogit (master)
$ git log
commit e5a68364c76c3f6ca137ad67cf904260423504ca (HEAD -> master)
Author: Bruno Salata <brunoslima@gmail.com>
Date:   Fri Feb 18 15:41:19 2022 -0300

    modificações

commit 16a340d3b09a32826ec23451e5ba59f06d3c1f0a
Author: Bruno Salata <brunoslima@gmail.com>
Date:   Thu Feb 17 19:32:38 2022 -0300

    explicação tres estados do git

commit f2d185835f62872abe3a4489ab8f070004d55722
Author: Bruno Salata <brunoslima@gmail.com>
Date:   Thu Feb 17 18:56:53 2022 -0300

    adição do arquivo readme

bruno@DESKTOP-5O6OJ7D MINGW64 ~/OneDrive/Área de Trabalho/cursogit (master)
$ git checkout 16a340
Note: switching to '16a340'.

You are in 'detached HEAD' state. You can look around, make experimental
changes and commit them, and you can discard any commits you make in this
state without impacting any branches by switching back to a branch.

If you want to create a new branch to retain commits you create, you may
do so (now or later) by using -c with the switch command. Example:

  git switch -c <new-branch-name>

Or undo this operation with:

  git switch -

Turn off this advice by setting config variable advice.detachedHead to false

HEAD is now at 16a340d explicação tres estados do git

bruno@DESKTOP-5O6OJ7D MINGW64 ~/OneDrive/Área de Trabalho/cursogit ((16a340d...))
$ git log
commit 16a340d3b09a32826ec23451e5ba59f06d3c1f0a (HEAD)
Author: Bruno Salata <brunoslima@gmail.com>
Date:   Thu Feb 17 19:32:38 2022 -0300

    explicação tres estados do git

commit f2d185835f62872abe3a4489ab8f070004d55722
Author: Bruno Salata <brunoslima@gmail.com>
Date:   Thu Feb 17 18:56:53 2022 -0300

    adição do arquivo readme

bruno@DESKTOP-5O6OJ7D MINGW64 ~/OneDrive/Área de Trabalho/cursogit ((16a340d...))
$ git checkout master
Previous HEAD position was 16a340d explicação tres estados do git
Switched to branch 'master'

bruno@DESKTOP-5O6OJ7D MINGW64 ~/OneDrive/Área de Trabalho/cursogit (master)
$ git log
commit e5a68364c76c3f6ca137ad67cf904260423504ca (HEAD -> master)
Author: Bruno Salata <brunoslima@gmail.com>
Date:   Fri Feb 18 15:41:19 2022 -0300

    modificações

commit 16a340d3b09a32826ec23451e5ba59f06d3c1f0a
Author: Bruno Salata <brunoslima@gmail.com>
Date:   Thu Feb 17 19:32:38 2022 -0300

    explicação tres estados do git

commit f2d185835f62872abe3a4489ab8f070004d55722
Author: Bruno Salata <brunoslima@gmail.com>
Date:   Thu Feb 17 18:56:53 2022 -0300

    adição do arquivo readme





bruno@DESKTOP-5O6OJ7D MINGW64 ~/OneDrive/Área de Trabalho/cursogit (master)
$ git status
On branch master
nothing to commit, working tree clean

bruno@DESKTOP-5O6OJ7D MINGW64 ~/OneDrive/Área de Trabalho/cursogit (master)
$ Como desfazer alterações dentro do documento
bash: Como: command not found

bruno@DESKTOP-5O6OJ7D MINGW64 ~/OneDrive/Área de Trabalho/cursogit (master)
$ git status
On branch master
Changes not staged for commit:
  (use "git add <file>..." to update what will be committed)
  (use "git restore <file>..." to discard changes in working directory)
        modified:   config.txt

no changes added to commit (use "git add" and/or "git commit -a")

bruno@DESKTOP-5O6OJ7D MINGW64 ~/OneDrive/Área de Trabalho/cursogit (master)
$ git diff
diff --git a/config.txt b/config.txt
index 47c6473..668cd38 100644
--- a/config.txt
+++ b/config.txt
@@ -1,7 +1,7 @@
 <?xml version="1.0" encoding="utf-8" ?>
 <configuration>
    <appSettings>
-       add key="Teste1" value="Valor para chave Teste1" />
+       add key="Teste1" value="123456789" />
        add key="Teste1" value="Valor para chave Teste2" />
    </appSettings>
 </configuration>
\ No newline at end of file

bruno@DESKTOP-5O6OJ7D MINGW64 ~/OneDrive/Área de Trabalho/cursogit (master)
$ git checkout config.txt
Updated 1 path from the index

bruno@DESKTOP-5O6OJ7D MINGW64 ~/OneDrive/Área de Trabalho/cursogit (master)
$ Comando acima retornou o valor inicial à linha alterada
bash: Comando: command not found

bruno@DESKTOP-5O6OJ7D MINGW64 ~/OneDrive/Área de Trabalho/cursogit (master)
$ git status
On branch master
nothing to commit, working tree clean

bruno@DESKTOP-5O6OJ7D MINGW64 ~/OneDrive/Área de Trabalho/cursogit (master)
$ deletando um arquivo e retornando ele, desfazendo a deleção
bash: deletando: command not found

bruno@DESKTOP-5O6OJ7D MINGW64 ~/OneDrive/Área de Trabalho/cursogit (master)
$ git checkout config.txt
Updated 1 path from the index

bruno@DESKTOP-5O6OJ7D MINGW64 ~/OneDrive/Área de Trabalho/cursogit (master)
$ git status
On branch master
nothing to commit, working tree clean

bruno@DESKTOP-5O6OJ7D MINGW64 ~/OneDrive/Área de Trabalho/cursogit (master)
$ Para desfazer todas as mudanças da branch
bash: Para: command not found

bruno@DESKTOP-5O6OJ7D MINGW64 ~/OneDrive/Área de Trabalho/cursogit (master)
$ git reset --hard
HEAD is now at e5a6836 modificações

bruno@DESKTOP-5O6OJ7D MINGW64 ~/OneDrive/Área de Trabalho/cursogit (master)
$ git status
On branch master
Untracked files:
  (use "git add <file>..." to include in what will be committed)
        teste.txt

nothing added to commit but untracked files present (use "git add" to track)

bruno@DESKTOP-5O6OJ7D MINGW64 ~/OneDrive/Área de Trabalho/cursogit (master)
$ git reset --hard
HEAD is now at e5a6836 modificações

bruno@DESKTOP-5O6OJ7D MINGW64 ~/OneDrive/Área de Trabalho/cursogit (master)
$ git status
On branch master
Untracked files:
  (use "git add <file>..." to include in what will be committed)
        teste.txt

nothing added to commit but untracked files present (use "git add" to track)

bruno@DESKTOP-5O6OJ7D MINGW64 ~/OneDrive/Área de Trabalho/cursogit (master)
$ git clean
fatal: clean.requireForce defaults to true and neither -i, -n, nor -f given; refusing to clean

bruno@DESKTOP-5O6OJ7D MINGW64 ~/OneDrive/Área de Trabalho/cursogit (master)
$ para forçar a deleção de novos arquivos adicionados à branch, que não estejam restreados (commited)
bash: syntax error near unexpected token `('

bruno@DESKTOP-5O6OJ7D MINGW64 ~/OneDrive/Área de Trabalho/cursogit (master)
$ git clean -f
Removing teste.txt

bruno@DESKTOP-5O6OJ7D MINGW64 ~/OneDrive/Área de Trabalho/cursogit (master)
$ git status
On branch master
Untracked files:
  (use "git add <file>..." to include in what will be committed)
        teste2.txt

nothing added to commit but untracked files present (use "git add" to track)

bruno@DESKTOP-5O6OJ7D MINGW64 ~/OneDrive/Área de Trabalho/cursogit (master)
$ git add teste.txt
fatal: pathspec 'teste.txt' did not match any files

bruno@DESKTOP-5O6OJ7D MINGW64 ~/OneDrive/Área de Trabalho/cursogit (master)
$ git add teste2.txt

bruno@DESKTOP-5O6OJ7D MINGW64 ~/OneDrive/Área de Trabalho/cursogit (master)
$ git status
On branch master
Changes to be committed:
  (use "git restore --staged <file>..." to unstage)
        new file:   teste2.txt


bruno@DESKTOP-5O6OJ7D MINGW64 ~/OneDrive/Área de Trabalho/cursogit (master)
$ uma vez adicionado, o git sabe que o arquivo é novo e poderá ser tratado com um arquivo rastreado
bash: uma: command not found

bruno@DESKTOP-5O6OJ7D MINGW64 ~/OneDrive/Área de Trabalho/cursogit (master)
$ git reset --hard
HEAD is now at e5a6836 modificações



___________
Comando pelo Prompt de Comando Windows, pois o Bash não possui esse comando

Microsoft Windows [versão 10.0.19044.1526]
(c) Microsoft Corporation. Todos os direitos reservados.

C:\Users\bruno>cd C:\Users\bruno\OneDrive\Área de Trabalho\cursogit

C:\Users\bruno\OneDrive\Área de Trabalho\cursogit>dir
 O volume na unidade C é Windows
 O Número de Série do Volume é 56D6-F64A

 Pasta de C:\Users\bruno\OneDrive\Área de Trabalho\cursogit

22/02/2022  14:13    <DIR>          .
22/02/2022  14:13    <DIR>          ..
22/02/2022  11:51               219 configcopia.txt
22/02/2022  11:51               219 config.txt
22/02/2022  11:32                92 readme.txt
               3 arquivo(s)            530 bytes
               2 pasta(s)   177.793.060.864 bytes disponíveis

C:\Users\bruno\OneDrive\Área de Trabalho\cursogit>ren configcopia.txt .gitignore

Assim, criamos um arquivo .gitignore, sem um nome, apenas a extensão.
Inclui no .gitignore o arquivo a ser ignorado.
____________

bruno@DESKTOP-5O6OJ7D MINGW64 ~/OneDrive/Área de Trabalho/cursogit (master)
$ git status
On branch master
Untracked files:
  (use "git add <file>..." to include in what will be committed)
        .gitignore
        teste.bmp

nothing added to commit but untracked files present (use "git add" to track)

bruno@DESKTOP-5O6OJ7D MINGW64 ~/OneDrive/Área de Trabalho/cursogit (master)
$ git status
On branch master
Untracked files:
  (use "git add <file>..." to include in what will be committed)
        .gitignore

nothing added to commit but untracked files present (use "git add" to track)

________________________________
Clonagem de repositório local

bruno@DESKTOP-5O6OJ7D MINGW64 ~/OneDrive/Área de Trabalho/cursogit (master)
$ cd ..

bruno@DESKTOP-5O6OJ7D MINGW64 ~/OneDrive/Área de Trabalho (master)
$ git clone cursogit/ testegit
Cloning into 'testegit'...
done.

bruno@DESKTOP-5O6OJ7D MINGW64 ~/OneDrive/Área de Trabalho (master)
$ cd testegit/

bruno@DESKTOP-5O6OJ7D MINGW64 ~/OneDrive/Área de Trabalho/testegit (master)
$ git log
commit e5a68364c76c3f6ca137ad67cf904260423504ca (HEAD -> master, origin/master, origin/HEAD)
Author: Bruno Salata <brunoslima@gmail.com>
Date:   Fri Feb 18 15:41:19 2022 -0300

    modificações

commit 16a340d3b09a32826ec23451e5ba59f06d3c1f0a
Author: Bruno Salata <brunoslima@gmail.com>
Date:   Thu Feb 17 19:32:38 2022 -0300

    explicação tres estados do git

commit f2d185835f62872abe3a4489ab8f070004d55722
Author: Bruno Salata <brunoslima@gmail.com>
Date:   Thu Feb 17 18:56:53 2022 -0300

    adição do arquivo readme

__________________________________
Clonagem do servidor Github

bruno@DESKTOP-5O6OJ7D MINGW64 ~/OneDrive/Área de Trabalho (master)
$ git clone ^[[200~https://github.com/DevMasterTeam/GitCompleto.git
Cloning into 'GitCompleto'...
fatal: protocol '?[200~https' is not supported

bruno@DESKTOP-5O6OJ7D MINGW64 ~/OneDrive/Área de Trabalho (master)
$ git clone https://github.com/DevMasterTeam/GitCompleto.git
Cloning into 'GitCompleto'...
remote: Enumerating objects: 1725, done.
remote: Counting objects: 100% (27/27), done.
remote: Compressing objects: 100% (27/27), done.
remote: Total 1725 (delta 16), reused 1 (delta 0), pack-reused 1698
Receiving objects: 100% (1725/1725), 4.35 MiB | 5.31 MiB/s, done.
Resolving deltas: 100% (108/108), done.
Updating files: 100% (1632/1632), done.

bruno@DESKTOP-5O6OJ7D MINGW64 ~/OneDrive/Área de Trabalho (master)
$ cd GitCompleto/

bruno@DESKTOP-5O6OJ7D MINGW64 ~/OneDrive/Área de Trabalho/GitCompleto (master)
$ git log
commit 89a063595e373ac54439791a9d17e8677d59b872 (HEAD -> master, origin/master, origin/HEAD)
Author: DevMasterTeam <devmasterteam@gmail.com>
Date:   Sat Mar 23 02:55:20 2019 -0300

    Atualização arquivo README para maior clareza a respeito do projeto.

commit 806a708d9165894e0df6b8d53b63d3266649af41
Merge: ffaabda 62ea14a
Author: Gabriel Ferrari <devmasterteam@gmail.com>
Date:   Sun Jan 20 01:14:58 2019 -0200

    Tradução - Resolvendo conflitos

commit 62ea14a18ef632549cca11489e8318a6c03519ad
Author: DevMasterTeam <DevMasterTeam@users.noreply.github.com>
Date:   Sun Jan 20 01:09:10 2019 -0200

    Traduzindo para espanhol

commit ffaabda29a60fdcc138366d69848f91d820cb688
Author: Gabriel Ferrari <devmasterteam@gmail.com>
Date:   Sun Jan 20 01:07:40 2019 -0200

    Tradução do site - 2

commit 3c8e8c2368b66d304b225b74b075f5519aa9c0d2
Author: Gabriel Ferrari <devmasterteam@gmail.com>
Date:   Sun Jan 20 00:13:41 2019 -0200

    Tradução do projeto

commit 6c06f3655b92cfee3293c4d6ac388d1c8d0ead8b
Author: DevMasterTeam <DevMasterTeam@users.noreply.github.com>
Date:   Thu Jan 17 00:12:27 2019 -0200

    Atualizando título do website

commit 0d10bddec33f3df4d1ffd38b8e0c892e1813b6eb
Author: Gabriel Ferrari <devmasterteam@gmail.com>
Date:   Thu Jan 17 00:06:16 2019 -0200

    Alteração título website

commit 03428e3fb013f7c95e0480444e9d09839050ffcc
Author: Gabriel Ferrari <devmasterteam@gmail.com>
Date:   Wed Jan 16 23:08:33 2019 -0200

    Versionando projeto

commit 71a980a48f26b364ba9e50000a3a900285e0ecee
Author: DevMasterTeam <DevMasterTeam@users.noreply.github.com>
Date:   Wed Jan 16 23:06:12 2019 -0200

    Atualização readme e adicionando referência onde projeto de exemplo foi baixado.

commit cb3b85e184de15a9ab31551a7701a61e739f43eb (tag: v0)
Author: DevMasterTeam <DevMasterTeam@users.noreply.github.com>
Date:   Wed Jan 16 23:02:31 2019 -0200

    Initial commit
(END)

___________________________________
Iniciando estudo no GitHub

bruno@DESKTOP-5O6OJ7D MINGW64 ~/OneDrive/Área de Trabalho/GitCompleto (master)
$ git status
On branch master
Your branch is up to date with 'origin/master'.

Changes not staged for commit:
  (use "git add <file>..." to update what will be committed)
  (use "git restore <file>..." to discard changes in working directory)
        modified:   index.html

no changes added to commit (use "git add" and/or "git commit -a")

bruno@DESKTOP-5O6OJ7D MINGW64 ~/OneDrive/Área de Trabalho/GitCompleto (master)
$ git diff
diff --git a/index.html b/index.html
index 1050e6e..971858f 100644
--- a/index.html
+++ b/index.html
@@ -8,7 +8,7 @@
     <meta name="description" content="">
     <meta name="author" content="">

-    <title>DevMasterTeam - Code & Learning</title>
+    <title>GitHub - Repositório remoto</title>

     <!-- Bootstrap core CSS -->
     <link href="vendor/bootstrap/css/bootstrap.min.css" rel="stylesheet">

bruno@DESKTOP-5O6OJ7D MINGW64 ~/OneDrive/Área de Trabalho/GitCompleto (master)
$ git add index.html

bruno@DESKTOP-5O6OJ7D MINGW64 ~/OneDrive/Área de Trabalho/GitCompleto (master)
$ git status
On branch master
Your branch is up to date with 'origin/master'.

Changes to be committed:
  (use "git restore --staged <file>..." to unstage)
        modified:   index.html


bruno@DESKTOP-5O6OJ7D MINGW64 ~/OneDrive/Área de Trabalho/GitCompleto (master)
$ \git commit -m "Alteração título website"
[master f6f2b44] Alteração título website
 1 file changed, 1 insertion(+), 1 deletion(-)

bruno@DESKTOP-5O6OJ7D MINGW64 ~/OneDrive/Área de Trabalho/GitCompleto (master)
$ git push
remote: Permission to DevMasterTeam/GitCompleto.git denied to Brunosalata.
fatal: unable to access 'https://github.com/DevMasterTeam/GitCompleto.git/': The requested URL returned error: 403

bruno@DESKTOP-5O6OJ7D MINGW64 ~/OneDrive/Área de Trabalho/GitCompleto (master)
$ git push https://github.com/Brunosalata/GitCursoTemplate.git
Enumerating objects: 1679, done.
Counting objects: 100% (1679/1679), done.
Delta compression using up to 4 threads
Compressing objects: 100% (1597/1597), done.
Writing objects: 100% (1679/1679), 4.28 MiB | 5.10 MiB/s, done.
Total 1679 (delta 81), reused 1675 (delta 79), pack-reused 0
remote: Resolving deltas: 100% (81/81), done.
remote:
remote: Create a pull request for 'master' on GitHub by visiting:
remote:      https://github.com/Brunosalata/GitCursoTemplate/pull/new/master
remote:
To https://github.com/Brunosalata/GitCursoTemplate.git
 * [new branch]      master -> master

____________________________________
Problema encontrado:
- Repositório remoto estava endereçado para o perfil do criador do curso DevMasterTeam.

Solução:
- Clonar o repositório remoto (DevMAsterTeam) em um repositório local e enviar o conteúdo dele para o novo repositório do projeto dentro do meu perfil pessoal do GitHub.
____________________________________
Versão corrigida:

bruno@DESKTOP-5O6OJ7D MINGW64 ~/OneDrive/Área de Trabalho/GitCursoRemoto (main)
$ git status
On branch main
Your branch is ahead of 'origin/main' by 1 commit.
  (use "git push" to publish your local commits)

nothing to commit, working tree clean

**** Clonagem do repositório DevMasterTeam para o repositório local GitCursoRemoto****
bruno@DESKTOP-5O6OJ7D MINGW64 ~/OneDrive/Área de Trabalho/GitCursoRemoto (main)
$ git status
On branch main
Your branch is ahead of 'origin/main' by 1 commit.
  (use "git push" to publish your local commits)

Changes not staged for commit:
  (use "git add <file>..." to update what will be committed)
  (use "git restore <file>..." to discard changes in working directory)
        modified:   index.html

no changes added to commit (use "git add" and/or "git commit -a")

bruno@DESKTOP-5O6OJ7D MINGW64 ~/OneDrive/Área de Trabalho/GitCursoRemoto (main)
$ git diff
warning: LF will be replaced by CRLF in index.html.
The file will have its original line endings in your working directory
diff --git a/index.html b/index.html
index bd7b942..30576ae 100644
--- a/index.html
+++ b/index.html
@@ -8,7 +8,7 @@
     <meta name="description" content="">
     <meta name="author" content="">

-    <title>GitHub - Repositório alteração</title>
+    <title>GitHub - Teste 1</title>

     <!-- Bootstrap core CSS -->
     <link href="vendor/bootstrap/css/bootstrap.min.css" rel="stylesheet">

bruno@DESKTOP-5O6OJ7D MINGW64 ~/OneDrive/Área de Trabalho/GitCursoRemoto (main)
$ git add index.html
warning: LF will be replaced by CRLF in index.html.
The file will have its original line endings in your working directory

bruno@DESKTOP-5O6OJ7D MINGW64 ~/OneDrive/Área de Trabalho/GitCursoRemoto (main)
$ git status
On branch main
Your branch is ahead of 'origin/main' by 1 commit.
  (use "git push" to publish your local commits)

Changes to be committed:
  (use "git restore --staged <file>..." to unstage)
        modified:   index.html


bruno@DESKTOP-5O6OJ7D MINGW64 ~/OneDrive/Área de Trabalho/GitCursoRemoto (main)
$ \git commit -m "Versionamento do título website"
[main de12ccd] Versionamento do título website
 1 file changed, 1 insertion(+), 1 deletion(-)

bruno@DESKTOP-5O6OJ7D MINGW64 ~/OneDrive/Área de Trabalho/GitCursoRemoto (main)
$ git push
Enumerating objects: 1654, done.
Counting objects: 100% (1654/1654), done.
Delta compression using up to 4 threads
Compressing objects: 100% (1587/1587), done.
Writing objects: 100% (1653/1653), 4.27 MiB | 988.00 KiB/s, done.
Total 1653 (delta 67), reused 1648 (delta 65), pack-reused 0
remote: Resolving deltas: 100% (67/67), done.
To https://github.com/Brunosalata/GitCursoTemplate.git
   bccf27f..de12ccd  main -> main

bruno@DESKTOP-5O6OJ7D MINGW64 ~/OneDrive/Área de Trabalho/GitCursoRemoto (main)
$ git status
On branch main
Your branch is up to date with 'origin/main'.

nothing to commit, working tree clean

bruno@DESKTOP-5O6OJ7D MINGW64 ~/OneDrive/Área de Trabalho/GitCursoRemoto (main)
$ git pull
remote: Enumerating objects: 5, done.
remote: Counting objects: 100% (5/5), done.
remote: Compressing objects: 100% (3/3), done.
remote: Total 3 (delta 2), reused 0 (delta 0), pack-reused 0
Unpacking objects: 100% (3/3), 719 bytes | 17.00 KiB/s, done.
From https://github.com/Brunosalata/GitCursoTemplate
   de12ccd..b964c0f  main       -> origin/main
Updating de12ccd..b964c0f
Fast-forward
 index.html | 2 +-
 1 file changed, 1 insertion(+), 1 deletion(-)


_____________
Fazendo alteração em um arquivo no repositório local e atualizando arquivo no remoto, para fazer o pull request ao owner do projeto original

bruno@DESKTOP-5O6OJ7D MINGW64 ~/OneDrive/Área de Trabalho/GitCursoRemoto (main)
$ git status
On branch main
Your branch is up to date with 'origin/main'.

Untracked files:
  (use "git add <file>..." to include in what will be committed)
        open.txt

nothing added to commit but untracked files present (use "git add" to track)

bruno@DESKTOP-5O6OJ7D MINGW64 ~/OneDrive/Área de Trabalho/GitCursoRemoto (main)
$ git push
fatal: unable to access 'https://github.com/Brunosalata/GitCursoTemplate.git/': Could not resolve host: github.com

bruno@DESKTOP-5O6OJ7D MINGW64 ~/OneDrive/Área de Trabalho/GitCursoRemoto (main)
$ \git add open.txt

bruno@DESKTOP-5O6OJ7D MINGW64 ~/OneDrive/Área de Trabalho/GitCursoRemoto (main)
$ git commit -m "Arquivo Open duas linhas"
[main 04a8421] Arquivo Open duas linhas
 1 file changed, 2 insertions(+)
 create mode 100644 open.txt

bruno@DESKTOP-5O6OJ7D MINGW64 ~/OneDrive/Área de Trabalho/GitCursoRemoto (main)
$ git push
Enumerating objects: 4, done.
Counting objects: 100% (4/4), done.
Delta compression using up to 4 threads
Compressing objects: 100% (2/2), done.
Writing objects: 100% (3/3), 325 bytes | 325.00 KiB/s, done.
Total 3 (delta 1), reused 0 (delta 0), pack-reused 0
remote: Resolving deltas: 100% (1/1), completed with 1 local object.
To https://github.com/Brunosalata/GitCursoTemplate.git
   b964c0f..04a8421  main -> main

bruno@DESKTOP-5O6OJ7D MINGW64 ~/OneDrive/Área de Trabalho/GitCursoRemoto (main)
$ git status
On branch main
Your branch is up to date with 'origin/main'.

Changes not staged for commit:
  (use "git add <file>..." to update what will be committed)
  (use "git restore <file>..." to discard changes in working directory)
        modified:   open.txt

no changes added to commit (use "git add" and/or "git commit -a")

bruno@DESKTOP-5O6OJ7D MINGW64 ~/OneDrive/Área de Trabalho/GitCursoRemoto (main)
$ git add .

bruno@DESKTOP-5O6OJ7D MINGW64 ~/OneDrive/Área de Trabalho/GitCursoRemoto (main)
$ git commit -m "Uma linha só"
[main 0a43e7b] Uma linha só
 1 file changed, 1 insertion(+), 2 deletions(-)

bruno@DESKTOP-5O6OJ7D MINGW64 ~/OneDrive/Área de Trabalho/GitCursoRemoto (main)
$ git push
Enumerating objects: 5, done.
Counting objects: 100% (5/5), done.
Delta compression using up to 4 threads
Compressing objects: 100% (2/2), done.
Writing objects: 100% (3/3), 297 bytes | 297.00 KiB/s, done.
Total 3 (delta 1), reused 0 (delta 0), pack-reused 0
remote: Resolving deltas: 100% (1/1), completed with 1 local object.
To https://github.com/Brunosalata/GitCursoTemplate.git
   04a8421..0a43e7b  main -> main


bruno@DESKTOP-5O6OJ7D MINGW64 ~/OneDrive/Área de Trabalho/GitCursoRemoto (main)
$ cd ..

bruno@DESKTOP-5O6OJ7D MINGW64 ~/OneDrive/Área de Trabalho (master)
$ git clone https://github.com/Brunosalata/BaseCursoGit.git
Cloning into 'BaseCursoGit'...
remote: Enumerating objects: 5, done.
remote: Counting objects: 100% (5/5), done.
remote: Compressing objects: 100% (5/5), done.
remote: Total 5 (delta 0), reused 0 (delta 0), pack-reused 0
Receiving objects: 100% (5/5), 84.74 KiB | 5.65 MiB/s, done.

bruno@DESKTOP-5O6OJ7D MINGW64 ~/OneDrive/Área de Trabalho (master)
$ cd BaseCursoGit.git
bash: cd: BaseCursoGit.git: No such file or directory

bruno@DESKTOP-5O6OJ7D MINGW64 ~/OneDrive/Área de Trabalho (master)
$ cd BaseCursoGit

________________________________
Não é permitido alterar a branch se existir uma alteração em algum arquivo que não tenha sido commitado. 
- Soluçoes: git reset --hard ou git add . e git commit


bruno@DESKTOP-5O6OJ7D MINGW64 ~/OneDrive/Área de Trabalho/BaseCursoGit (main)
$ git status
On branch main
Your branch is up to date with 'origin/main'.

nothing to commit, working tree clean

bruno@DESKTOP-5O6OJ7D MINGW64 ~/OneDrive/Área de Trabalho/BaseCursoGit (main)
$ cd ..

bruno@DESKTOP-5O6OJ7D MINGW64 ~/OneDrive/Área de Trabalho (master)
$ cd GitCursoRemoto

bruno@DESKTOP-5O6OJ7D MINGW64 ~/OneDrive/Área de Trabalho/GitCursoRemoto (main)
$ git status
On branch main
Your branch is up to date with 'origin/main'.

nothing to commit, working tree clean

bruno@DESKTOP-5O6OJ7D MINGW64 ~/OneDrive/Área de Trabalho/GitCursoRemoto (main)
$ git status
On branch main
Your branch is up to date with 'origin/main'.

Changes not staged for commit:
  (use "git add <file>..." to update what will be committed)
  (use "git restore <file>..." to discard changes in working directory)
        modified:   index.html

no changes added to commit (use "git add" and/or "git commit -a")

bruno@DESKTOP-5O6OJ7D MINGW64 ~/OneDrive/Área de Trabalho/GitCursoRemoto (main)
$ git checkout master
error: Your local changes to the following files would be overwritten by checkout:
        index.html
Please commit your changes or stash them before you switch branches.
Aborting

bruno@DESKTOP-5O6OJ7D MINGW64 ~/OneDrive/Área de Trabalho/GitCursoRemoto (main)
$ git reset --hard
HEAD is now at 0a43e7b Uma linha só

____________________________________________
Trabalhando com branch (ramificação)

Criando nova branch

bruno@DESKTOP-5O6OJ7D MINGW64 ~/OneDrive/Área de Trabalho/GitCursoRemoto (main)
$ git branch
* main

bruno@DESKTOP-5O6OJ7D MINGW64 ~/OneDrive/Área de Trabalho/GitCursoRemoto (main)
$ git branch develop

bruno@DESKTOP-5O6OJ7D MINGW64 ~/OneDrive/Área de Trabalho/GitCursoRemoto (main)
$ git branch
  develop
* main

bruno@DESKTOP-5O6OJ7D MINGW64 ~/OneDrive/Área de Trabalho/GitCursoRemoto (main)
$ git branch develop
fatal: a branch named 'develop' already exists

bruno@DESKTOP-5O6OJ7D MINGW64 ~/OneDrive/Área de Trabalho/GitCursoRemoto (main)
$ git checkoutdevelop
git: 'checkoutdevelop' is not a git command. See 'git --help'.

bruno@DESKTOP-5O6OJ7D MINGW64 ~/OneDrive/Área de Trabalho/GitCursoRemoto (main)
$ git checkout develop
Switched to branch 'develop'

bruno@DESKTOP-5O6OJ7D MINGW64 ~/OneDrive/Área de Trabalho/GitCursoRemoto (develop)
$ git checkout -b TASK-1
Switched to a new branch 'TASK-1'

bruno@DESKTOP-5O6OJ7D MINGW64 ~/OneDrive/Área de Trabalho/GitCursoRemoto (TASK-1)
$ git branch
* TASK-1
  develop
  main

bruno@DESKTOP-5O6OJ7D MINGW64 ~/OneDrive/Área de Trabalho/GitCursoRemoto (TASK-1)
$ git branch --list
* TASK-1
  develop
  main


Enviando a branch para o repositório remoto

bruno@DESKTOP-5O6OJ7D MINGW64 ~/OneDrive/Área de Trabalho/GitCursoRemoto (TASK-1)
$ ENVIANDO BRANCH DEVELOP PARA O REPOSITÓRIO
bash: ENVIANDO: command not found

bruno@DESKTOP-5O6OJ7D MINGW64 ~/OneDrive/Área de Trabalho/GitCursoRemoto (TASK-1)
$ git checkout develop
Switched to branch 'develop'

bruno@DESKTOP-5O6OJ7D MINGW64 ~/OneDrive/Área de Trabalho/GitCursoRemoto (develop)
$ git push
fatal: The current branch develop has no upstream branch.
To push the current branch and set the remote as upstream, use

    git push --set-upstream origin develop


$ git push --set-upstream TEM COMO ATALHO O COMANDO git push -u


bruno@DESKTOP-5O6OJ7D MINGW64 ~/OneDrive/Área de Trabalho/GitCursoRemoto (develop)
$ git push -u origin BranchDevelop
error: src refspec BranchDevelop does not match any
error: failed to push some refs to 'https://github.com/Brunosalata/GitCursoTemplate.git'

bruno@DESKTOP-5O6OJ7D MINGW64 ~/OneDrive/Área de Trabalho/GitCursoRemoto (develop)
$ git push -u origin develop
Total 0 (delta 0), reused 0 (delta 0), pack-reused 0
remote:
remote: Create a pull request for 'develop' on GitHub by visiting:
remote:      https://github.com/Brunosalata/GitCursoTemplate/pull/new/develop
remote:
To https://github.com/Brunosalata/GitCursoTemplate.git
 * [new branch]      develop -> develop
branch 'develop' set up to track 'origin/develop'.

________________________________________
Deleção de branch local e no servidor


bruno@DESKTOP-5O6OJ7D MINGW64 ~/OneDrive/Área de Trabalho/GitCursoRemoto (develop)
$ git branch
  TASK-1
* develop
  main

bruno@DESKTOP-5O6OJ7D MINGW64 ~/OneDrive/Área de Trabalho/GitCursoRemoto (develop)
$ git branch -d
fatal: branch name required

bruno@DESKTOP-5O6OJ7D MINGW64 ~/OneDrive/Área de Trabalho/GitCursoRemoto (develop)
$ git branch -d develop
error: Cannot delete branch 'develop' checked out at 'C:/Users/bruno/OneDrive/Área de Trabalho/GitCursoRemoto'

bruno@DESKTOP-5O6OJ7D MINGW64 ~/OneDrive/Área de Trabalho/GitCursoRemoto (develop)
$ git branch -d TASK-1
Deleted branch TASK-1 (was 0a43e7b).

bruno@DESKTOP-5O6OJ7D MINGW64 ~/OneDrive/Área de Trabalho/GitCursoRemoto (develop)
$ git branch
* develop
  main

$ DÁ PRA FORÇAR A DELEÇÃO PELO COMANDO


bruno@DESKTOP-5O6OJ7D MINGW64 ~/OneDrive/Área de Trabalho/GitCursoRemoto (develop)
$ git branch -D nome_da_branch
error: branch 'nome_da_branch' not found.

bruno@DESKTOP-5O6OJ7D MINGW64 ~/OneDrive/Área de Trabalho/GitCursoRemoto (develop)
$ git checkout TASK-1
error: pathspec 'TASK-1' did not match any file(s) known to git


$ SE ESSA BRANCH EXISTISSE NO SERVIDOR, SERIA POSSÍVEL RECUPERAR ELA

$ PARA DELETAR DO SERVIDOR, DEVEMOS


bruno@DESKTOP-5O6OJ7D MINGW64 ~/OneDrive/Área de Trabalho/GitCursoRemoto (develop)
$ git branch -d TASK-1
error: branch 'TASK-1' not found.

bruno@DESKTOP-5O6OJ7D MINGW64 ~/OneDrive/Área de Trabalho/GitCursoRemoto (develop)
$ git push --delete origin TASK-1

_______________________________________
Renomeando branch local e no servidor

bruno@DESKTOP-5O6OJ7D MINGW64 ~/OneDrive/Área de Trabalho/GitCursoRemoto (develop)
$ git branch
* develop
  main

bruno@DESKTOP-5O6OJ7D MINGW64 ~/OneDrive/Área de Trabalho/GitCursoRemoto (develop)
$ git checkout -b TASK-2
Switched to a new branch 'TASK-2'

bruno@DESKTOP-5O6OJ7D MINGW64 ~/OneDrive/Área de Trabalho/GitCursoRemoto (TASK-2)
$ git branch -m TASK-2-Update

bruno@DESKTOP-5O6OJ7D MINGW64 ~/OneDrive/Área de Trabalho/GitCursoRemoto (TASK-2-Update)
$ git checkout develop
Switched to branch 'develop'
Your branch is up to date with 'origin/develop'.

bruno@DESKTOP-5O6OJ7D MINGW64 ~/OneDrive/Área de Trabalho/GitCursoRemoto (develop)
$ git branch -m TASK-2-Update TASK-2

bruno@DESKTOP-5O6OJ7D MINGW64 ~/OneDrive/Área de Trabalho/GitCursoRemoto (develop)
$ git branch
  TASK-2
* develop
  main


$ PARA RENOMEAR BRANCH NO SERVIDOR NÃO EXISTE COMANDO ESPECÍFICO NO GIT PARA ISSO, ENTÃO DEVEMOS APAGAR E CRIAR NOVAMENTE


bruno@DESKTOP-5O6OJ7D MINGW64 ~/OneDrive/Área de Trabalho/GitCursoRemoto (develop)
$ git pull
Already up to date.

bruno@DESKTOP-5O6OJ7D MINGW64 ~/OneDrive/Área de Trabalho/GitCursoRemoto (develop)
$ git checkout TASK-2
Switched to branch 'TASK-2'

bruno@DESKTOP-5O6OJ7D MINGW64 ~/OneDrive/Área de Trabalho/GitCursoRemoto (TASK-2)
$ git pull
There is no tracking information for the current branch.
Please specify which branch you want to merge with.
See git-pull(1) for details.

    git pull <remote> <branch>

If you wish to set tracking information for this branch you can do so with:

    git branch --set-upstream-to=origin/<branch> TASK-2


bruno@DESKTOP-5O6OJ7D MINGW64 ~/OneDrive/Área de Trabalho/GitCursoRemoto (TASK-2)
$ git push -u origin TASK-2
Total 0 (delta 0), reused 0 (delta 0), pack-reused 0
remote:
remote: Create a pull request for 'TASK-2' on GitHub by visiting:
remote:      https://github.com/Brunosalata/GitCursoTemplate/pull/new/TASK-2
remote:
To https://github.com/Brunosalata/GitCursoTemplate.git
 * [new branch]      TASK-2 -> TASK-2
branch 'TASK-2' set up to track 'origin/TASK-2'.


$ NO CASO ACIMA, PODE HAVER ALGUÉM TRABALHANDO NA BRANCH DO SERVIDOR< ENTÂO É NECESSÁRIO QUE HAVJA UM ALINHAMENTO COM OS DEMAIS COLABORADORES. ENTÃO, PODEMOS SEGUIR OS SEGUINTES PASSOS:

bruno@DESKTOP-5O6OJ7D MINGW64 ~/OneDrive/Área de Trabalho/GitCursoRemoto (TASK-2)
$ git branch
* TASK-2
  develop
  main

bruno@DESKTOP-5O6OJ7D MINGW64 ~/OneDrive/Área de Trabalho/GitCursoRemoto (TASK-2)
$ git pull
Already up to date.

bruno@DESKTOP-5O6OJ7D MINGW64 ~/OneDrive/Área de Trabalho/GitCursoRemoto (TASK-2)
$ git branch -m TASK-3

bruno@DESKTOP-5O6OJ7D MINGW64 ~/OneDrive/Área de Trabalho/GitCursoRemoto (TASK-3)
$ git push --delete origin TASK-2
To https://github.com/Brunosalata/GitCursoTemplate.git
 - [deleted]         TASK-2

bruno@DESKTOP-5O6OJ7D MINGW64 ~/OneDrive/Área de Trabalho/GitCursoRemoto (TASK-3)
$ git branch
* TASK-3
  develop
  main

bruno@DESKTOP-5O6OJ7D MINGW64 ~/OneDrive/Área de Trabalho/GitCursoRemoto (TASK-3)
$ git push -u origin TASK-3
Total 0 (delta 0), reused 0 (delta 0), pack-reused 0
remote:
remote: Create a pull request for 'TASK-3' on GitHub by visiting:
remote:      https://github.com/Brunosalata/GitCursoTemplate/pull/new/TASK-3
remote:
To https://github.com/Brunosalata/GitCursoTemplate.git
 * [new branch]      TASK-3 -> TASK-3
branch 'TASK-3' set up to track 'origin/TASK-3'.

bruno@DESKTOP-5O6OJ7D MINGW64 ~/OneDrive/Área de Trabalho/GitCursoRemoto (TASK-3)
$ git checkout develop
Switched to branch 'develop'
Your branch is up to date with 'origin/develop'.

bruno@DESKTOP-5O6OJ7D MINGW64 ~/OneDrive/Área de Trabalho/GitCursoRemoto (develop)
$ git branch -d TASK-3
Deleted branch TASK-3 (was 0a43e7b).

bruno@DESKTOP-5O6OJ7D MINGW64 ~/OneDrive/Área de Trabalho/GitCursoRemoto (develop)
$ git push --delete origin TASK-3
To https://github.com/Brunosalata/GitCursoTemplate.git
 - [deleted]         TASK-3

bruno@DESKTOP-5O6OJ7D MINGW64 ~/OneDrive/Área de Trabalho/GitCursoRemoto (develop)
$ git branch
* develop
  main

_____________________________________
Mergear uma branch na master

bruno@DESKTOP-5O6OJ7D MINGW64 ~/OneDrive/Área de Trabalho/GitCursoRemoto (develop)
$ git status
On branch develop
Your branch is up to date with 'origin/develop'.

Changes not staged for commit:
  (use "git add <file>..." to update what will be committed)
  (use "git restore <file>..." to discard changes in working directory)
        modified:   index.html

no changes added to commit (use "git add" and/or "git commit -a")

bruno@DESKTOP-5O6OJ7D MINGW64 ~/OneDrive/Área de Trabalho/GitCursoRemoto (develop)
$ git diff
diff --git a/index.html b/index.html
index 629a6dc..a7c5c96 100644
--- a/index.html
+++ b/index.html
@@ -38,16 +38,16 @@
         <div class="collapse navbar-collapse" id="navbarResponsive">
           <ul class="navbar-nav ml-auto">
             <li class="nav-item">
-              <a class="nav-link js-scroll-trigger" href="#about">Sobre</a>
+              <a class="nav-link js-scroll-trigger" href="#about">About</a>
             </li>
             <li class="nav-item">
-              <a class="nav-link js-scroll-trigger" href="#services">Serviços</a>
+              <a class="nav-link js-scroll-trigger" href="#services">Services</a>
             </li>
             <li class="nav-item">
-              <a class="nav-link js-scroll-trigger" href="#portfolio">Portfólio</a>
+              <a class="nav-link js-scroll-trigger" href="#portfolio">Portfolio</a>
             </li>
             <li class="nav-item">
-              <a class="nav-link js-scroll-trigger" href="#contact">Contato</a>
+              <a class="nav-link js-scroll-trigger" href="#contact">Contact</a>
             </li>
           </ul>
         </div>

bruno@DESKTOP-5O6OJ7D MINGW64 ~/OneDrive/Área de Trabalho/GitCursoRemoto (develop)
$ git branch
* develop
  main

bruno@DESKTOP-5O6OJ7D MINGW64 ~/OneDrive/Área de Trabalho/GitCursoRemoto (develop)
$ git add --all

bruno@DESKTOP-5O6OJ7D MINGW64 ~/OneDrive/Área de Trabalho/GitCursoRemoto (develop)
$ git commit -m "Tradução do projeto"
[develop 3e9a09f] Tradução do projeto
 1 file changed, 4 insertions(+), 4 deletions(-)

bruno@DESKTOP-5O6OJ7D MINGW64 ~/OneDrive/Área de Trabalho/GitCursoRemoto (develop)
$ git push
Enumerating objects: 5, done.
Counting objects: 100% (5/5), done.
Delta compression using up to 4 threads
Compressing objects: 100% (3/3), done.
Writing objects: 100% (3/3), 345 bytes | 345.00 KiB/s, done.
Total 3 (delta 2), reused 0 (delta 0), pack-reused 0
remote: Resolving deltas: 100% (2/2), completed with 2 local objects.
To https://github.com/Brunosalata/GitCursoTemplate.git
   0a43e7b..3e9a09f  develop -> develop

bruno@DESKTOP-5O6OJ7D MINGW64 ~/OneDrive/Área de Trabalho/GitCursoRemoto (develop)
$ git status
On branch develop
Your branch is up to date with 'origin/develop'.

nothing to commit, working tree clean

bruno@DESKTOP-5O6OJ7D MINGW64 ~/OneDrive/Área de Trabalho/GitCursoRemoto (develop)
$ git checkout main
Switched to branch 'main'
Your branch is up to date with 'origin/main'.

bruno@DESKTOP-5O6OJ7D MINGW64 ~/OneDrive/Área de Trabalho/GitCursoRemoto (main)
$ git merge
Already up to date.

bruno@DESKTOP-5O6OJ7D MINGW64 ~/OneDrive/Área de Trabalho/GitCursoRemoto (main)
$ git merge develop
Updating 0a43e7b..3e9a09f
Fast-forward
 index.html | 8 ++++----
 1 file changed, 4 insertions(+), 4 deletions(-)

bruno@DESKTOP-5O6OJ7D MINGW64 ~/OneDrive/Área de Trabalho/GitCursoRemoto (main)
$ git status
On branch main
Your branch is ahead of 'origin/main' by 1 commit.
  (use "git push" to publish your local commits)

nothing to commit, working tree clean

bruno@DESKTOP-5O6OJ7D MINGW64 ~/OneDrive/Área de Trabalho/GitCursoRemoto (main)
$ git log
commit 3e9a09f781dd0924a5ce808123f9ba1ad7a2d749 (HEAD -> main, origin/develop, develop)
Author: Bruno Salata <brunoslima@gmail.com>
Date:   Mon Feb 28 18:20:48 2022 -0300

    Tradução do projeto

commit 0a43e7bc4e550b73590b223975f4775edb36a99f (origin/main, origin/HEAD)
Author: Bruno Salata <brunoslima@gmail.com>
Date:   Fri Feb 25 15:56:08 2022 -0300

    Uma linha só

commit 04a842144fbb4bda899b723c338e8d9bbc3c273b
Author: Bruno Salata <brunoslima@gmail.com>
Date:   Fri Feb 25 15:53:55 2022 -0300

    Arquivo Open duas linhas

commit b964c0f7c25715773f1bb1fb8ebedf2765acce2b
Author: Brunosalata <96872524+Brunosalata@users.noreply.github.com>
Date:   Fri Feb 25 13:47:59 2022 -0300

    Atualizando título no repositório remoto

commit de12ccda693fe10e7d646dcbefa8b41d7adec800
Author: Bruno Salata <brunoslima@gmail.com>
Date:   Fri Feb 25 12:15:13 2022 -0300

    Versionamento do título website

commit 63007c2c50fe92345ada627c5add2d065a186cad
Author: Bruno Salata <brunoslima@gmail.com>
Date:   Fri Feb 25 12:11:20 2022 -0300

    Commit repositório local

commit bccf27fc66a4ce79dba7b99247f9eeca353c5406
Author: Brunosalata <96872524+Brunosalata@users.noreply.github.com>
Date:   Thu Feb 24 16:33:37 2022 -0300

    Commit inicial.

bruno@DESKTOP-5O6OJ7D MINGW64 ~/OneDrive/Área de Trabalho/GitCursoRemoto (main)
$ git status
On branch main
Your branch is ahead of 'origin/main' by 1 commit.
  (use "git push" to publish your local commits)

nothing to commit, working tree clean

bruno@DESKTOP-5O6OJ7D MINGW64 ~/OneDrive/Área de Trabalho/GitCursoRemoto (main)
$ git push
Total 0 (delta 0), reused 0 (delta 0), pack-reused 0
To https://github.com/Brunosalata/GitCursoTemplate.git
   0a43e7b..3e9a09f  main -> main

________________________________________
Alteração simultânea de arquivo local e do servidor (conflito)

bruno@DESKTOP-5O6OJ7D MINGW64 ~/OneDrive/Área de Trabalho/GitCursoRemoto (main)
$ git pull
Already up to date.

bruno@DESKTOP-5O6OJ7D MINGW64 ~/OneDrive/Área de Trabalho/GitCursoRemoto (main)
$ git status
On branch main
Your branch is up to date with 'origin/main'.

nothing to commit, working tree clean

bruno@DESKTOP-5O6OJ7D MINGW64 ~/OneDrive/Área de Trabalho/GitCursoRemoto (main)
$ git checkout develop
Switched to branch 'develop'
Your branch is up to date with 'origin/develop'.

bruno@DESKTOP-5O6OJ7D MINGW64 ~/OneDrive/Área de Trabalho/GitCursoRemoto (develop)
$ git status
On branch develop
Your branch is up to date with 'origin/develop'.

nothing to commit, working tree clean

bruno@DESKTOP-5O6OJ7D MINGW64 ~/OneDrive/Área de Trabalho/GitCursoRemoto (develop)
$ git pull
Already up to date.

bruno@DESKTOP-5O6OJ7D MINGW64 ~/OneDrive/Área de Trabalho/GitCursoRemoto (develop)
$ git status
On branch develop
Your branch is up to date with 'origin/develop'.

Changes not staged for commit:
  (use "git add <file>..." to update what will be committed)
  (use "git restore <file>..." to discard changes in working directory)
        modified:   index.html

no changes added to commit (use "git add" and/or "git commit -a")

bruno@DESKTOP-5O6OJ7D MINGW64 ~/OneDrive/Área de Trabalho/GitCursoRemoto (develop)
$ git add --all

bruno@DESKTOP-5O6OJ7D MINGW64 ~/OneDrive/Área de Trabalho/GitCursoRemoto (develop)
$ git commit -m "Tradução do site - 2"
[develop f3c09c7] Tradução do site - 2
 1 file changed, 1 insertion(+), 1 deletion(-)

bruno@DESKTOP-5O6OJ7D MINGW64 ~/OneDrive/Área de Trabalho/GitCursoRemoto (develop)
$ git push
gEnumerating objects: 5, done.
Counting objects: 100% (5/5), done.
Delta compression using up to 4 threads
Compressing objects: 100% (3/3), done.
Writing objects: 100% (3/3), 307 bytes | 307.00 KiB/s, done.
Total 3 (delta 2), reused 0 (delta 0), pack-reused 0
remote: Resolving deltas: 100% (2/2), completed with 2 local objects.
To https://github.com/Brunosalata/GitCursoTemplate.git
   3e9a09f..f3c09c7  develop -> develop

bruno@DESKTOP-5O6OJ7D MINGW64 ~/OneDrive/Área de Trabalho/GitCursoRemoto (develop)
$ git checkout main
Switched to branch 'main'
Your branch is up to date with 'origin/main'.

bruno@DESKTOP-5O6OJ7D MINGW64 ~/OneDrive/Área de Trabalho/GitCursoRemoto (main)
$ ALTEREI O ARQUIVO INDEX.TXT NO SERVIDOR
bash: ALTEREI: command not found

bruno@DESKTOP-5O6OJ7D MINGW64 ~/OneDrive/Área de Trabalho/GitCursoRemoto (main)
$ git merge develop
Updating 3e9a09f..f3c09c7
Fast-forward
 index.html | 2 +-
 1 file changed, 1 insertion(+), 1 deletion(-)

bruno@DESKTOP-5O6OJ7D MINGW64 ~/OneDrive/Área de Trabalho/GitCursoRemoto (main)
$ git status
On branch main
Your branch is ahead of 'origin/main' by 1 commit.
  (use "git push" to publish your local commits)

nothing to commit, working tree clean

bruno@DESKTOP-5O6OJ7D MINGW64 ~/OneDrive/Área de Trabalho/GitCursoRemoto (main)
$ git push
To https://github.com/Brunosalata/GitCursoTemplate.git
 ! [rejected]        main -> main (fetch first)
error: failed to push some refs to 'https://github.com/Brunosalata/GitCursoTemplate.git'
hint: Updates were rejected because the remote contains work that you do
hint: not have locally. This is usually caused by another repository pushing
hint: to the same ref. You may want to first integrate the remote changes
hint: (e.g., 'git pull ...') before pushing again.
hint: See the 'Note about fast-forwards' in 'git push --help' for details.

bruno@DESKTOP-5O6OJ7D MINGW64 ~/OneDrive/Área de Trabalho/GitCursoRemoto (main)
$ git pull
remote: Enumerating objects: 5, done.
remote: Counting objects: 100% (5/5), done.
remote: Compressing objects: 100% (3/3), done.
remote: Total 3 (delta 2), reused 0 (delta 0), pack-reused 0
Unpacking objects: 100% (3/3), 677 bytes | 19.00 KiB/s, done.
From https://github.com/Brunosalata/GitCursoTemplate
   3e9a09f..ed3752a  main       -> origin/main
Auto-merging index.html
CONFLICT (content): Merge conflict in index.html
Automatic merge failed; fix conflicts and then commit the result.

bruno@DESKTOP-5O6OJ7D MINGW64 ~/OneDrive/Área de Trabalho/GitCursoRemoto (main|MERGING)
$ git status
On branch main
Your branch and 'origin/main' have diverged,
and have 1 and 1 different commits each, respectively.
  (use "git pull" to merge the remote branch into yours)

You have unmerged paths.
  (fix conflicts and run "git commit")
  (use "git merge --abort" to abort the merge)

Unmerged paths:
  (use "git add <file>..." to mark resolution)
        both modified:   index.html

no changes added to commit (use "git add" and/or "git commit -a")

bruno@DESKTOP-5O6OJ7D MINGW64 ~/OneDrive/Área de Trabalho/GitCursoRemoto (main|MERGING)
$ git add --all

bruno@DESKTOP-5O6OJ7D MINGW64 ~/OneDrive/Área de Trabalho/GitCursoRemoto (main|MERGING)
$ git commit -m "Tradução - Resolvendo conflitos"
[main 135d9bf] Tradução - Resolvendo conflitos

bruno@DESKTOP-5O6OJ7D MINGW64 ~/OneDrive/Área de Trabalho/GitCursoRemoto (main)
$ git status
On branch main
Your branch is ahead of 'origin/main' by 2 commits.
  (use "git push" to publish your local commits)

nothing to commit, working tree clean

bruno@DESKTOP-5O6OJ7D MINGW64 ~/OneDrive/Área de Trabalho/GitCursoRemoto (main)
$ git push
Enumerating objects: 1, done.
Counting objects: 100% (1/1), done.
Writing objects: 100% (1/1), 239 bytes | 239.00 KiB/s, done.
Total 1 (delta 0), reused 0 (delta 0), pack-reused 0
To https://github.com/Brunosalata/GitCursoTemplate.git
   ed3752a..135d9bf  main -> main

bruno@DESKTOP-5O6OJ7D MINGW64 ~/OneDrive/Área de Trabalho/GitCursoRemoto (main)
$ git pull
Already up to date.

__________________________________________
REsolução de Conflitos usando a ferramenta visual Kdiff3 (instalação já realizada)

bruno@DESKTOP-5O6OJ7D MINGW64 ~/OneDrive/Área de Trabalho/GitCursoRemoto (main)
$ git mergetool

This message is displayed because 'merge.tool' is not configured.
See 'git mergetool --tool-help' or 'git help config' for more details.
'git mergetool' will now attempt to use one of the following tools:
opendiff kdiff3 tkdiff xxdiff meld tortoisemerge gvimdiff diffuse diffmerge ecmerge p4merge araxis bc codecompare smerge emerge vimdiff nvimdiff
No files need merging

bruno@DESKTOP-5O6OJ7D MINGW64 ~/OneDrive/Área de Trabalho/GitCursoRemoto (main)
$ git config --global --list
user.name=Bruno Salata
user.email=brunoslima@gmail.com

bruno@DESKTOP-5O6OJ7D MINGW64 ~/OneDrive/Área de Trabalho/GitCursoRemoto (main)
$ git config --global --add merge.tool kdiff3

bruno@DESKTOP-5O6OJ7D MINGW64 ~/OneDrive/Área de Trabalho/GitCursoRemoto (main)
$ git config --global --list
user.name=Bruno Salata
user.email=brunoslima@gmail.com
merge.tool=kdiff3

bruno@DESKTOP-5O6OJ7D MINGW64 ~/OneDrive/Área de Trabalho/GitCursoRemoto (main)
$ git config --global --add mergetool.kdiff3.path "C:\Program Files\KDiff3\kdiff3.exe"

bruno@DESKTOP-5O6OJ7D MINGW64 ~/OneDrive/Área de Trabalho/GitCursoRemoto (main)
$ git config --global --add mergetool.kdiff3.trustExitCode false

bruno@DESKTOP-5O6OJ7D MINGW64 ~/OneDrive/Área de Trabalho/GitCursoRemoto (main)
$ git config --global --list
user.name=Bruno Salata
user.email=brunoslima@gmail.com
merge.tool=kdiff3
mergetool.kdiff3.path=C:\Program Files\KDiff3\kdiff3.exe
mergetool.kdiff3.trustexitcode=false

bruno@DESKTOP-5O6OJ7D MINGW64 ~/OneDrive/Área de Trabalho/GitCursoRemoto (main)
$ git mergetool
No files need merging

bruno@DESKTOP-5O6OJ7D MINGW64 ~/OneDrive/Área de Trabalho/GitCursoRemoto (main)
$ git checkout -b develop
fatal: a branch named 'develop' already exists

bruno@DESKTOP-5O6OJ7D MINGW64 ~/OneDrive/Área de Trabalho/GitCursoRemoto (main)
$ git checkout -b branchkdiff3
Switched to a new branch 'branchkdiff3'

bruno@DESKTOP-5O6OJ7D MINGW64 ~/OneDrive/Área de Trabalho/GitCursoRemoto (branchkdiff3)
$ git add .

bruno@DESKTOP-5O6OJ7D MINGW64 ~/OneDrive/Área de Trabalho/GitCursoRemoto (branchkdiff3)
$ git commit -m "commit branchkdiff3"
[branchkdiff3 0dabe2a] commit branchkdiff3
 1 file changed, 5 insertions(+)
 create mode 100644 config.txt

bruno@DESKTOP-5O6OJ7D MINGW64 ~/OneDrive/Área de Trabalho/GitCursoRemoto (branchkdiff3)
$ git checkout main
Switched to branch 'main'
Your branch is up to date with 'origin/main'.

bruno@DESKTOP-5O6OJ7D MINGW64 ~/OneDrive/Área de Trabalho/GitCursoRemoto (main)
$ git checkout branchkdiff3
Switched to branch 'branchkdiff3'

bruno@DESKTOP-5O6OJ7D MINGW64 ~/OneDrive/Área de Trabalho/GitCursoRemoto (branchkdiff3)
$ git checkout config
error: pathspec 'config' did not match any file(s) known to git

bruno@DESKTOP-5O6OJ7D MINGW64 ~/OneDrive/Área de Trabalho/GitCursoRemoto (branchkdiff3)
$ git add .

bruno@DESKTOP-5O6OJ7D MINGW64 ~/OneDrive/Área de Trabalho/GitCursoRemoto (branchkdiff3)
$ git commit -m "deleção config.txt"
[branchkdiff3 2a73269] deleção config.txt
 1 file changed, 5 deletions(-)
 delete mode 100644 config.txt

bruno@DESKTOP-5O6OJ7D MINGW64 ~/OneDrive/Área de Trabalho/GitCursoRemoto (branchkdiff3)
$ git checkout branchkdiff3
Already on 'branchkdiff3'

bruno@DESKTOP-5O6OJ7D MINGW64 ~/OneDrive/Área de Trabalho/GitCursoRemoto (branchkdiff3)
$ git add .

bruno@DESKTOP-5O6OJ7D MINGW64 ~/OneDrive/Área de Trabalho/GitCursoRemoto (branchkdiff3)
$ git commit -m "Alteração Open branchkdiff3"
[branchkdiff3 fce29d1] Alteração Open branchkdiff3
 1 file changed, 5 insertions(+), 1 deletion(-)

bruno@DESKTOP-5O6OJ7D MINGW64 ~/OneDrive/Área de Trabalho/GitCursoRemoto (branchkdiff3)
$ git checkout main
Switched to branch 'main'
Your branch is up to date with 'origin/main'.

bruno@DESKTOP-5O6OJ7D MINGW64 ~/OneDrive/Área de Trabalho/GitCursoRemoto (main)
$ git add .

bruno@DESKTOP-5O6OJ7D MINGW64 ~/OneDrive/Área de Trabalho/GitCursoRemoto (main)
$ git commit -m "Alteração Open Main"
[main d65c329] Alteração Open Main
 1 file changed, 5 insertions(+), 1 deletion(-)

bruno@DESKTOP-5O6OJ7D MINGW64 ~/OneDrive/Área de Trabalho/GitCursoRemoto (main)
$ git merge branchkdiff3
Auto-merging open.txt
CONFLICT (content): Merge conflict in open.txt
Automatic merge failed; fix conflicts and then commit the result.

bruno@DESKTOP-5O6OJ7D MINGW64 ~/OneDrive/Área de Trabalho/GitCursoRemoto (main|MERGING)
$ git mergetool
Merging:
open.txt

Normal merge conflict for 'open.txt':
  {local}: modified file
  {remote}: modified file

bruno@DESKTOP-5O6OJ7D MINGW64 ~/OneDrive/Área de Trabalho/GitCursoRemoto (main|MERGING)
$ git status
On branch main
Your branch is ahead of 'origin/main' by 1 commit.
  (use "git push" to publish your local commits)

All conflicts fixed but you are still merging.
  (use "git commit" to conclude merge)

Changes to be committed:
        modified:   open.txt


bruno@DESKTOP-5O6OJ7D MINGW64 ~/OneDrive/Área de Trabalho/GitCursoRemoto (main|MERGING)
$ git diff

bruno@DESKTOP-5O6OJ7D MINGW64 ~/OneDrive/Área de Trabalho/GitCursoRemoto (main|MERGING)
$ git diff --staged
diff --git a/open.txt b/open.txt
index 0a69d84..070e45f 100644
--- a/open.txt
+++ b/open.txt
@@ -2,4 +2,4 @@ Este é o conteúdo do curso.
 arquivo1
 arquivo 2
 arquivo 3
-arquivo 4
\ No newline at end of file
+arquivo 4 alterado
\ No newline at end of file

bruno@DESKTOP-5O6OJ7D MINGW64 ~/OneDrive/Área de Trabalho/GitCursoRemoto (main|MERGING)
$ git add .

bruno@DESKTOP-5O6OJ7D MINGW64 ~/OneDrive/Área de Trabalho/GitCursoRemoto (main|MERGING)
$ git commit -m "Resolução de Conflitos"
[main b715a23] Resolução de Conflitos

_______________________________________
Pull request
- Criando nova branch, alterando conteúdo, upando no servidor, Pull request (TASK-4 >>> develop), atualizando branch develop no servidor, git pull localmente em develop, deleção da branch local e no servidor

bruno@DESKTOP-5O6OJ7D MINGW64 ~/OneDrive/Área de Trabalho/GitCursoRemoto (main)
$ git checkout -b TASK-4
Switched to a new branch 'TASK-4'

bruno@DESKTOP-5O6OJ7D MINGW64 ~/OneDrive/Área de Trabalho/GitCursoRemoto (TASK-4)
$ git status
On branch TASK-4
nothing to commit, working tree clean

bruno@DESKTOP-5O6OJ7D MINGW64 ~/OneDrive/Área de Trabalho/GitCursoRemoto (TASK-4)
$ git status
On branch TASK-4
Changes not staged for commit:
  (use "git add <file>..." to update what will be committed)
  (use "git restore <file>..." to discard changes in working directory)
        modified:   index.html

no changes added to commit (use "git add" and/or "git commit -a")

bruno@DESKTOP-5O6OJ7D MINGW64 ~/OneDrive/Área de Trabalho/GitCursoRemoto (TASK-4)
$ git commit -a -m "Mais traduções"
[TASK-4 bae95a5] Mais traduções
 1 file changed, 1 insertion(+), 1 deletion(-)

bruno@DESKTOP-5O6OJ7D MINGW64 ~/OneDrive/Área de Trabalho/GitCursoRemoto (TASK-4)
$ git push -u origin TASK-4
Enumerating objects: 19, done.
Counting objects: 100% (19/19), done.
Delta compression using up to 4 threads
Compressing objects: 100% (15/15), done.
Writing objects: 100% (16/16), 1.55 KiB | 529.00 KiB/s, done.
Total 16 (delta 8), reused 0 (delta 0), pack-reused 0
remote: Resolving deltas: 100% (8/8), completed with 2 local objects.
remote:
remote: Create a pull request for 'TASK-4' on GitHub by visiting:
remote:      https://github.com/Brunosalata/GitCursoTemplate/pull/new/TASK-4
remote:
To https://github.com/Brunosalata/GitCursoTemplate.git
 * [new branch]      TASK-4 -> TASK-4
branch 'TASK-4' set up to track 'origin/TASK-4'.

bruno@DESKTOP-5O6OJ7D MINGW64 ~/OneDrive/Área de Trabalho/GitCursoRemoto (TASK-4)
$ git status
On branch TASK-4
Your branch is up to date with 'origin/TASK-4'.

nothing to commit, working tree clean

bruno@DESKTOP-5O6OJ7D MINGW64 ~/OneDrive/Área de Trabalho/GitCursoRemoto (TASK-4)
$ git checkout develop
Switched to branch 'develop'
Your branch is up to date with 'origin/develop'.

bruno@DESKTOP-5O6OJ7D MINGW64 ~/OneDrive/Área de Trabalho/GitCursoRemoto (develop)
$ git pull
remote: Enumerating objects: 1, done.
remote: Counting objects: 100% (1/1), done.
remote: Total 1 (delta 0), reused 0 (delta 0), pack-reused 0
Unpacking objects: 100% (1/1), 634 bytes | 63.00 KiB/s, done.
From https://github.com/Brunosalata/GitCursoTemplate
   f3c09c7..fc49442  develop    -> origin/develop
Updating f3c09c7..fc49442
Fast-forward
 index.html | 2 +-
 open.txt   | 6 +++++-
 2 files changed, 6 insertions(+), 2 deletions(-)

bruno@DESKTOP-5O6OJ7D MINGW64 ~/OneDrive/Área de Trabalho/GitCursoRemoto (develop)
$ git branch -d TASK-4
Deleted branch TASK-4 (was bae95a5).

bruno@DESKTOP-5O6OJ7D MINGW64 ~/OneDrive/Área de Trabalho/GitCursoRemoto (develop)
$ git push --delete origin TASK-4
To https://github.com/Brunosalata/GitCursoTemplate.git
 - [deleted]         TASK-4

____________________________________
Inserindo tags nos commits já realizados, para facilitar a identificação posterior

bruno@DESKTOP-5O6OJ7D MINGW64 ~/OneDrive/Área de Trabalho/GitCursoRemoto (develop)
$ git checkout main
Switched to branch 'main'
Your branch is ahead of 'origin/main' by 5 commits.
  (use "git push" to publish your local commits)

bruno@DESKTOP-5O6OJ7D MINGW64 ~/OneDrive/Área de Trabalho/GitCursoRemoto (main)
$ git log --oneline
b715a23 (HEAD -> main) Resolução de Conflitos
d65c329 Alteração Open Main
fce29d1 (branchkdiff3) Alteração Open branchkdiff3
2a73269 deleção config.txt
0dabe2a commit branchkdiff3
135d9bf (origin/main, origin/HEAD) Tradução - Resolvendo conflitos
ed3752a Traduzindo para espanhol
f3c09c7 Tradução do site - 2
3e9a09f Tradução do projeto
0a43e7b Uma linha só
04a8421 Arquivo Open duas linhas
b964c0f Atualizando título no repositório remoto
de12ccd Versionamento do título website
63007c2 Commit repositório local
bccf27f Commit inicial.


PARA APLICAR, UTILIZAR: GIT TAG -A <NOME DA TAG> -m "MENSAGEM"
Tag HEAD identifica o último commit realizado


bruno@DESKTOP-5O6OJ7D MINGW64 ~/OneDrive/Área de Trabalho/GitCursoRemoto (main)
$ git tag -a v1.0 -m "Versão 1 após alterações de tradução"

bruno@DESKTOP-5O6OJ7D MINGW64 ~/OneDrive/Área de Trabalho/GitCursoRemoto (main)
$ git tag
v1.0

bruno@DESKTOP-5O6OJ7D MINGW64 ~/OneDrive/Área de Trabalho/GitCursoRemoto (main)
$ git log -oneline
fatal: unrecognized argument: -oneline

bruno@DESKTOP-5O6OJ7D MINGW64 ~/OneDrive/Área de Trabalho/GitCursoRemoto (main)
$ git log --oneline
b715a23 (HEAD -> main, tag: v1.0) Resolução de Conflitos
d65c329 Alteração Open Main
fce29d1 (branchkdiff3) Alteração Open branchkdiff3
2a73269 deleção config.txt
0dabe2a commit branchkdiff3
135d9bf (origin/main, origin/HEAD) Tradução - Resolvendo conflitos
ed3752a Traduzindo para espanhol
f3c09c7 Tradução do site - 2
3e9a09f Tradução do projeto
0a43e7b Uma linha só
04a8421 Arquivo Open duas linhas
b964c0f Atualizando título no repositório remoto
de12ccd Versionamento do título website
63007c2 Commit repositório local
bccf27f Commit inicial.


ENVIANDO TAG PARA O SERVIDOR


bruno@DESKTOP-5O6OJ7D MINGW64 ~/OneDrive/Área de Trabalho/GitCursoRemoto (main)
$ git push origin v1.0
Enumerating objects: 1, done.
Counting objects: 100% (1/1), done.
Writing objects: 100% (1/1), 194 bytes | 194.00 KiB/s, done.
Total 1 (delta 0), reused 0 (delta 0), pack-reused 0
To https://github.com/Brunosalata/GitCursoTemplate.git
 * [new tag]         v1.0 -> v1.0

DELETANDO TAG DO SERVIDOR (NO ÚLTIMO COMMIT, VERSÃO HEAD)

bruno@DESKTOP-5O6OJ7D MINGW64 ~/OneDrive/Área de Trabalho/GitCursoRemoto (develop)
$ git tag -d v1.0
Deleted tag 'v1.0' (was d4b962d)

bruno@DESKTOP-5O6OJ7D MINGW64 ~/OneDrive/Área de Trabalho/GitCursoRemoto (develop)
$ git tag

bruno@DESKTOP-5O6OJ7D MINGW64 ~/OneDrive/Área de Trabalho/GitCursoRemoto (develop)
$ git push --delete origin v1.0
To https://github.com/Brunosalata/GitCursoTemplate.git
 - [deleted]         v1.0


UTILIZANDO TAGS PARA ESPECIFICAR RAMIFICAÇÕES DE COMMITS PASSADOS (NÃO O HEAD)

bruno@DESKTOP-5O6OJ7D MINGW64 ~/OneDrive/Área de Trabalho/GitCursoRemoto (main)
$ git branch
  branchkdiff3
  develop
* main

bruno@DESKTOP-5O6OJ7D MINGW64 ~/OneDrive/Área de Trabalho/GitCursoRemoto (main)
$ git tag
v1.0

bruno@DESKTOP-5O6OJ7D MINGW64 ~/OneDrive/Área de Trabalho/GitCursoRemoto (main)
$ git checkout develop
Switched to branch 'develop'
Your branch is up to date with 'origin/develop'.

bruno@DESKTOP-5O6OJ7D MINGW64 ~/OneDrive/Área de Trabalho/GitCursoRemoto (develop)
$ git log --oneline
fc49442 (HEAD -> develop, origin/develop) Merge pull request #1 from Brunosalata/TASK-4
bae95a5 Mais traduções
b715a23 (tag: v1.0, main) Resolução de Conflitos
d65c329 Alteração Open Main
fce29d1 (branchkdiff3) Alteração Open branchkdiff3
2a73269 deleção config.txt
0dabe2a commit branchkdiff3
135d9bf (origin/main, origin/HEAD) Tradução - Resolvendo conflitos
ed3752a Traduzindo para espanhol
f3c09c7 Tradução do site - 2
3e9a09f Tradução do projeto
0a43e7b Uma linha só
04a8421 Arquivo Open duas linhas
b964c0f Atualizando título no repositório remoto
de12ccd Versionamento do título website
63007c2 Commit repositório local
bccf27f Commit inicial.

bruno@DESKTOP-5O6OJ7D MINGW64 ~/OneDrive/Área de Trabalho/GitCursoRemoto (develop)
$ git checkout v1.0
Note: switching to 'v1.0'.

You are in 'detached HEAD' state. You can look around, make experimental
changes and commit them, and you can discard any commits you make in this
state without impacting any branches by switching back to a branch.

If you want to create a new branch to retain commits you create, you may
do so (now or later) by using -c with the switch command. Example:

  git switch -c <new-branch-name>

Or undo this operation with:

  git switch -

Turn off this advice by setting config variable advice.detachedHead to false

HEAD is now at b715a23 Resolução de Conflitos

bruno@DESKTOP-5O6OJ7D MINGW64 ~/OneDrive/Área de Trabalho/GitCursoRemoto ((v1.0))
$ git status
HEAD detached at v1.0
Changes not staged for commit:
  (use "git add <file>..." to update what will be committed)
  (use "git restore <file>..." to discard changes in working directory)
        modified:   index.html

no changes added to commit (use "git add" and/or "git commit -a")

bruno@DESKTOP-5O6OJ7D MINGW64 ~/OneDrive/Área de Trabalho/GitCursoRemoto ((v1.0))
$ git add .

bruno@DESKTOP-5O6OJ7D MINGW64 ~/OneDrive/Área de Trabalho/GitCursoRemoto ((v1.0))
$ git commit -m "modificações a partir da tag"
[detached HEAD f69a88c] modificações a partir da tag
 1 file changed, 1 insertion(+), 1 deletion(-)

bruno@DESKTOP-5O6OJ7D MINGW64 ~/OneDrive/Área de Trabalho/GitCursoRemoto ((f69a88c...))
$ git checkout main
Warning: you are leaving 1 commit behind, not connected to
any of your branches:

  f69a88c modificações a partir da tag

If you want to keep it by creating a new branch, this may be a good time
to do so with:

 git branch <new-branch-name> f69a88c

Switched to branch 'main'
Your branch is ahead of 'origin/main' by 5 commits.
  (use "git push" to publish your local commits)

bruno@DESKTOP-5O6OJ7D MINGW64 ~/OneDrive/Área de Trabalho/GitCursoRemoto (main)
$ git branch
  branchkdiff3
  develop
* main

bruno@DESKTOP-5O6OJ7D MINGW64 ~/OneDrive/Área de Trabalho/GitCursoRemoto (main)
$ git tag
v1.0

bruno@DESKTOP-5O6OJ7D MINGW64 ~/OneDrive/Área de Trabalho/GitCursoRemoto (main)
$ git checkout -b teste f69a88c
Switched to a new branch 'teste'

bruno@DESKTOP-5O6OJ7D MINGW64 ~/OneDrive/Área de Trabalho/GitCursoRemoto (teste)
$ git status
On branch teste
nothing to commit, working tree clean

bruno@DESKTOP-5O6OJ7D MINGW64 ~/OneDrive/Área de Trabalho/GitCursoRemoto (teste)
$ git checkout develop
Switched to branch 'develop'
Your branch is up to date with 'origin/develop'.

bruno@DESKTOP-5O6OJ7D MINGW64 ~/OneDrive/Área de Trabalho/GitCursoRemoto (develop)
$ git branch -d teste
error: The branch 'teste' is not fully merged.
If you are sure you want to delete it, run 'git branch -D teste'.

bruno@DESKTOP-5O6OJ7D MINGW64 ~/OneDrive/Área de Trabalho/GitCursoRemoto (develop)
$ git branch
  branchkdiff3
* develop
  main
  teste

bruno@DESKTOP-5O6OJ7D MINGW64 ~/OneDrive/Área de Trabalho/GitCursoRemoto (develop)
$ git branch -D teste
Deleted branch teste (was f69a88c).

bruno@DESKTOP-5O6OJ7D MINGW64 ~/OneDrive/Área de Trabalho/GitCursoRemoto (develop)
$ git branch
  branchkdiff3
* develop
  main

APLICANDO TAG EM COMMITS ANTIGOS

bruno@DESKTOP-5O6OJ7D MINGW64 ~/OneDrive/Área de Trabalho/GitCursoRemoto (develo
$ git log --oneline
fc49442 (HEAD -> develop, origin/develop) Merge pull request #1 from Brunosalata
bae95a5 Mais traduções
b715a23 (main) Resolução de Conflitos
d65c329 Alteração Open Main
fce29d1 (branchkdiff3) Alteração Open branchkdiff3
2a73269 deleção config.txt
0dabe2a commit branchkdiff3
135d9bf (origin/main, origin/HEAD) Tradução - Resolvendo conflitos
ed3752a Traduzindo para espanhol
f3c09c7 Tradução do site - 2
3e9a09f Tradução do projeto
0a43e7b Uma linha só
04a8421 Arquivo Open duas linhas
b964c0f Atualizando título no repositório remoto
de12ccd Versionamento do título website
63007c2 Commit repositório local
bccf27f Commit inicial.

bruno@DESKTOP-5O6OJ7D MINGW64 ~/OneDrive/Área de Trabalho/GitCursoRemoto (develo
$ git checkout bccf27f
Note: switching to 'bccf27f'.

You are in 'detached HEAD' state. You can look around, make experimental
changes and commit them, and you can discard any commits you make in this
state without impacting any branches by switching back to a branch.

If you want to create a new branch to retain commits you create, you may
do so (now or later) by using -c with the switch command. Example:

  git switch -c <new-branch-name>

Or undo this operation with:

  git switch -

Turn off this advice by setting config variable advice.detachedHead to false

HEAD is now at bccf27f Commit inicial.

bruno@DESKTOP-5O6OJ7D MINGW64 ~/OneDrive/Área de Trabalho/GitCursoRemoto ((bccf2
$ git tag -a v0 -m "Versão inicial"

bruno@DESKTOP-5O6OJ7D MINGW64 ~/OneDrive/Área de Trabalho/GitCursoRemoto ((v0))
$ git tag
v0

bruno@DESKTOP-5O6OJ7D MINGW64 ~/OneDrive/Área de Trabalho/GitCursoRemoto ((v0))
$ git push origin v0
Enumerating objects: 1, done.
Counting objects: 100% (1/1), done.
Writing objects: 100% (1/1), 169 bytes | 169.00 KiB/s, done.
Total 1 (delta 0), reused 0 (delta 0), pack-reused 0
To https://github.com/Brunosalata/GitCursoTemplate.git
 * [new tag]         v0 -> v0

bruno@DESKTOP-5O6OJ7D MINGW64 ~/OneDrive/Área de Trabalho/GitCursoRemoto (develop)
$ git log --oneline
fc49442 (HEAD -> develop, origin/develop) Merge pull request #1 from Brunosalata/TASK-4
bae95a5 (tag: v1) Mais traduções
b715a23 (main) Resolução de Conflitos
d65c329 Alteração Open Main
fce29d1 (branchkdiff3) Alteração Open branchkdiff3
2a73269 deleção config.txt
0dabe2a commit branchkdiff3
135d9bf (origin/main, origin/HEAD) Tradução - Resolvendo conflitos
ed3752a Traduzindo para espanhol
f3c09c7 Tradução do site - 2
3e9a09f Tradução do projeto
0a43e7b Uma linha só
04a8421 Arquivo Open duas linhas
b964c0f Atualizando título no repositório remoto
de12ccd Versionamento do título website
63007c2 Commit repositório local
bccf27f (tag: v0) Commit inicial.

_____________________________________
Armazenamento das alterações na memória temporariamente, para poder navegar pelo repositório sem precisar commitar as alterações da branch

- Git stash apply: aplica o stash mais recente

- Git stash pop: aplica o stash mais recente e remove da lista

- Git stash drop: remove um stash específico

bruno@DESKTOP-5O6OJ7D MINGW64 ~/OneDrive/Área de Trabalho/GitCursoRemoto (develop)
$ git status
On branch develop
Your branch is up to date with 'origin/develop'.

Changes not staged for commit:
  (use "git add <file>..." to update what will be committed)
  (use "git restore <file>..." to discard changes in working directory)
        modified:   index.html

no changes added to commit (use "git add" and/or "git commit -a")

bruno@DESKTOP-5O6OJ7D MINGW64 ~/OneDrive/Área de Trabalho/GitCursoRemoto (develop)
$ git checkout master
error: Your local changes to the following files would be overwritten by checkout:
        index.html
Please commit your changes or stash them before you switch branches.
Aborting

bruno@DESKTOP-5O6OJ7D MINGW64 ~/OneDrive/Área de Trabalho/GitCursoRemoto (develop)
$ git stash
Saved working directory and index state WIP on develop: fc49442 Merge pull request #1 from Brunosalata/TASK-4

bruno@DESKTOP-5O6OJ7D MINGW64 ~/OneDrive/Área de Trabalho/GitCursoRemoto (develop)
$ git status
On branch develop
Your branch is up to date with 'origin/develop'.

nothing to commit, working tree clean

bruno@DESKTOP-5O6OJ7D MINGW64 ~/OneDrive/Área de Trabalho/GitCursoRemoto (develop)
$ git stash list
stash@{0}: WIP on develop: fc49442 Merge pull request #1 from Brunosalata/TASK-4

bruno@DESKTOP-5O6OJ7D MINGW64 ~/OneDrive/Área de Trabalho/GitCursoRemoto (develop)
$ git stash save "Testando stash"
No local changes to save

bruno@DESKTOP-5O6OJ7D MINGW64 ~/OneDrive/Área de Trabalho/GitCursoRemoto (develop)
$ git stash list
stash@{0}: WIP on develop: fc49442 Merge pull request #1 from Brunosalata/TASK-4

bruno@DESKTOP-5O6OJ7D MINGW64 ~/OneDrive/Área de Trabalho/GitCursoRemoto (develop)
$ git stash save "Testando stash"
Saved working directory and index state On develop: Testando stash

bruno@DESKTOP-5O6OJ7D MINGW64 ~/OneDrive/Área de Trabalho/GitCursoRemoto (develop)
$ git stash list
stash@{0}: On develop: Testando stash
stash@{1}: WIP on develop: fc49442 Merge pull request #1 from Brunosalata/TASK-4


$ git stash list EXPÕE DO MAIS RECENTE PARA O MAIS ANTIGO


bruno@DESKTOP-5O6OJ7D MINGW64 ~/OneDrive/Área de Trabalho/GitCursoRemoto (develop)
$ git stash apply
On branch develop
Your branch is up to date with 'origin/develop'.

Changes not staged for commit:
  (use "git add <file>..." to update what will be committed)
  (use "git restore <file>..." to discard changes in working directory)
        modified:   index.html

no changes added to commit (use "git add" and/or "git commit -a")

bruno@DESKTOP-5O6OJ7D MINGW64 ~/OneDrive/Área de Trabalho/GitCursoRemoto (develop)
$ git stash list
stash@{0}: On develop: Testando stash
stash@{1}: WIP on develop: fc49442 Merge pull request #1 from Brunosalata/TASK-4

bruno@DESKTOP-5O6OJ7D MINGW64 ~/OneDrive/Área de Trabalho/GitCursoRemoto (develop)
$ git reset --hard
HEAD is now at fc49442 Merge pull request #1 from Brunosalata/TASK-4

bruno@DESKTOP-5O6OJ7D MINGW64 ~/OneDrive/Área de Trabalho/GitCursoRemoto (develop)
$ git stash pop
On branch develop
Your branch is up to date with 'origin/develop'.

Changes not staged for commit:
  (use "git add <file>..." to update what will be committed)
  (use "git restore <file>..." to discard changes in working directory)
        modified:   index.html

no changes added to commit (use "git add" and/or "git commit -a")
Dropped refs/stash@{0} (c2dee0d718982f064ec542b5b0e24bbe9595461d)

bruno@DESKTOP-5O6OJ7D MINGW64 ~/OneDrive/Área de Trabalho/GitCursoRemoto (develop)
$ git stash list
stash@{0}: WIP on develop: fc49442 Merge pull request #1 from Brunosalata/TASK-4

bruno@DESKTOP-5O6OJ7D MINGW64 ~/OneDrive/Área de Trabalho/GitCursoRemoto (develop)
$ git stash save "Testando novamente"
Saved working directory and index state On develop: Testando novamente

bruno@DESKTOP-5O6OJ7D MINGW64 ~/OneDrive/Área de Trabalho/GitCursoRemoto (develop)
$ git stash list
stash@{0}: On develop: Testando novamente
stash@{1}: WIP on develop: fc49442 Merge pull request #1 from Brunosalata/TASK-4

bruno@DESKTOP-5O6OJ7D MINGW64 ~/OneDrive/Área de Trabalho/GitCursoRemoto (develop)
$ git stash drop stash@{1}
Dropped stash@{1} (4dba70bc6cab5f060c4dcce2b30ee9539190ffa4)

bruno@DESKTOP-5O6OJ7D MINGW64 ~/OneDrive/Área de Trabalho/GitCursoRemoto (develop)
$ git stash list
stash@{0}: On develop: Testando novamente

bruno@DESKTOP-5O6OJ7D MINGW64 ~/OneDrive/Área de Trabalho/GitCursoRemoto (develop)
$ git stash pop stash@{0}
On branch develop
Your branch is up to date with 'origin/develop'.

Changes not staged for commit:
  (use "git add <file>..." to update what will be committed)
  (use "git restore <file>..." to discard changes in working directory)
        modified:   index.html

no changes added to commit (use "git add" and/or "git commit -a")
Dropped stash@{0} (cef99cc0f61b483bd1ee243f32c93828db8115aa)

bruno@DESKTOP-5O6OJ7D MINGW64 ~/OneDrive/Área de Trabalho/GitCursoRemoto (develop)
$ git stash list

bruno@DESKTOP-5O6OJ7D MINGW64 ~/OneDrive/Área de Trabalho/GitCursoRemoto (develop)
$ git reset --hard
HEAD is now at fc49442 Merge pull request #1 from Brunosalata/TASK-4

__________________________________________
REVERTENDO COMMITS FEITOS ERRADOS (DESFAZENDO COMMIT)

bruno@DESKTOP-5O6OJ7D MINGW64 ~/OneDrive/Área de Trabalho/GitCursoRemoto (develop)
$ git status
On branch develop
Your branch is up to date with 'origin/develop'.

Changes not staged for commit:
  (use "git add <file>..." to update what will be committed)
  (use "git restore <file>..." to discard changes in working directory)
        modified:   index.html

no changes added to commit (use "git add" and/or "git commit -a")

bruno@DESKTOP-5O6OJ7D MINGW64 ~/OneDrive/Área de Trabalho/GitCursoRemoto (develop)
$ git add .

bruno@DESKTOP-5O6OJ7D MINGW64 ~/OneDrive/Área de Trabalho/GitCursoRemoto (develop)
$ git commit -m "modificações"
[develop 7e74f7c] modificações
 1 file changed, 4 deletions(-)

bruno@DESKTOP-5O6OJ7D MINGW64 ~/OneDrive/Área de Trabalho/GitCursoRemoto (develop)
$ git status
On branch develop
Your branch is ahead of 'origin/develop' by 1 commit.
  (use "git push" to publish your local commits)

nothing to commit, working tree clean

bruno@DESKTOP-5O6OJ7D MINGW64 ~/OneDrive/Área de Trabalho/GitCursoRemoto (develop)
$ git reset --hard HEAD~1
HEAD is now at fc49442 Merge pull request #1 from Brunosalata/TASK-4

bruno@DESKTOP-5O6OJ7D MINGW64 ~/OneDrive/Área de Trabalho/GitCursoRemoto (develop)
$ git status
On branch develop
Your branch is up to date with 'origin/develop'.

nothing to commit, working tree clean


CASO A ALTERAÇÃO SEJA PEQUENA E SEJA MAIS TRABALHOSO REFAZER A BRANCH, OPTAMOS PELA INCLUSÃO DE UMA ALTERAÇÃO NO COMMIT AINDA PENDENTE

bruno@DESKTOP-5O6OJ7D MINGW64 ~/OneDrive/Área de Trabalho/GitCursoRemoto (develop)
$ git add .

bruno@DESKTOP-5O6OJ7D MINGW64 ~/OneDrive/Área de Trabalho/GitCursoRemoto (develop)
$ git commit -m "Mudanças"
[develop d5badcc] Mudanças
 1 file changed, 4 deletions(-)

bruno@DESKTOP-5O6OJ7D MINGW64 ~/OneDrive/Área de Trabalho/GitCursoRemoto (develop)
$ git status
On branch develop
Your branch is ahead of 'origin/develop' by 1 commit.
  (use "git push" to publish your local commits)

nothing to commit, working tree clean

bruno@DESKTOP-5O6OJ7D MINGW64 ~/OneDrive/Área de Trabalho/GitCursoRemoto (develop)
$ git status
On branch develop
Your branch is ahead of 'origin/develop' by 1 commit.
  (use "git push" to publish your local commits)

Changes not staged for commit:
  (use "git add <file>..." to update what will be committed)
  (use "git restore <file>..." to discard changes in working directory)
        modified:   index.html

no changes added to commit (use "git add" and/or "git commit -a")

bruno@DESKTOP-5O6OJ7D MINGW64 ~/OneDrive/Área de Trabalho/GitCursoRemoto (develop)
$ git add .

bruno@DESKTOP-5O6OJ7D MINGW64 ~/OneDrive/Área de Trabalho/GitCursoRemoto (develop)
$ git status
On branch develop
Your branch is ahead of 'origin/develop' by 1 commit.
  (use "git push" to publish your local commits)

Changes to be committed:
  (use "git restore --staged <file>..." to unstage)
        modified:   index.html



$ COMANDO PARA ADICIOANAR UMA ALTERAÇÃO EM UM COMMIT AINDA NÃO FINALIZADO


bruno@DESKTOP-5O6OJ7D MINGW64 ~/OneDrive/Área de Trabalho/GitCursoRemoto (develop)
$ git commit --amend
[develop db65ca4] Mudanças - Adicionei mais um arquivo
 Date: Mon Mar 7 12:15:58 2022 -0300
 1 file changed, 1 insertion(+), 6 deletions(-)

NESSE MOMENTO, ABRE UM EDITOR DE TEXTO. PODEMOS FAZER ALTERAÇÃO DO NOME OU NÃO. ENTÃO, CLICAR 'ESC' E DIGITAL ':wq' E ENTER (wp = write e quit)

bruno@DESKTOP-5O6OJ7D MINGW64 ~/OneDrive/Área de Trabalho/GitCursoRemoto (develop)
$ git status
On branch develop
Your branch is ahead of 'origin/develop' by 1 commit.
  (use "git push" to publish your local commits)

nothing to commit, working tree clean

________________________________________
APLICAÇÃO DO GIT FETCH, GIT MERGE e GIT PULL


$ CRIADA UMA NOVA BRANCH NO SERVIDOR

$ TRAZER ALTERAÇÕES DO SERVIDOR PARA A MÁQUINA LOCAL


bruno@DESKTOP-5O6OJ7D MINGW64 ~/OneDrive/Área de Trabalho/GitCursoRemoto (develop)
$ git fetch
From https://github.com/Brunosalata/GitCursoTemplate
 * [new branch]      newdevelop -> origin/newdevelop

bruno@DESKTOP-5O6OJ7D MINGW64 ~/OneDrive/Área de Trabalho/GitCursoRemoto (develop)
$ git checkout newdevelop
Switched to a new branch 'newdevelop'
branch 'newdevelop' set up to track 'origin/newdevelop'.

bruno@DESKTOP-5O6OJ7D MINGW64 ~/OneDrive/Área de Trabalho/GitCursoRemoto (newdevelop)
$ git log --oneline
135d9bf (HEAD -> newdevelop, origin/newdevelop, origin/main, origin/HEAD) Tradução - Resolvendo conflitos
ed3752a Traduzindo para espanhol
f3c09c7 Tradução do site - 2
3e9a09f Tradução do projeto
0a43e7b Uma linha só
04a8421 Arquivo Open duas linhas
b964c0f Atualizando título no repositório remoto
de12ccd Versionamento do título website
63007c2 Commit repositório local
bccf27f (tag: v0) Commit inicial.


$ NESSE MOMENTO, UMA ALTERAÇÃO FOI FEITA NO SERVIDOR, MAS NÃO FOI IDENTIFICADA LOCALMENTE


bruno@DESKTOP-5O6OJ7D MINGW64 ~/OneDrive/Área de Trabalho/GitCursoRemoto (newdevelop)
$ git fetch
remote: Enumerating objects: 5, done.
remote: Counting objects: 100% (5/5), done.
remote: Compressing objects: 100% (2/2), done.
remote: Total 3 (delta 1), reused 0 (delta 0), pack-reused 0
Unpacking objects: 100% (3/3), 672 bytes | 21.00 KiB/s, done.
From https://github.com/Brunosalata/GitCursoTemplate
   135d9bf..a482b19  newdevelop -> origin/newdevelop


$ SE EU ABRI O ARQUIVO LOCAL AGORA, A ALTERAÇÃO NÂO ESTARIA PRESENTE. POR ISSO, É NECESSÁRIO APLICAR MERGE


bruno@DESKTOP-5O6OJ7D MINGW64 ~/OneDrive/Área de Trabalho/GitCursoRemoto (newdevelop)
$ git log origin/newdevelop --oneline
a482b19 (origin/newdevelop) Update Open.txt
135d9bf (HEAD -> newdevelop, origin/main, origin/HEAD) Tradução - Resolvendo conflitos
ed3752a Traduzindo para espanhol
f3c09c7 Tradução do site - 2
3e9a09f Tradução do projeto
0a43e7b Uma linha só
04a8421 Arquivo Open duas linhas
b964c0f Atualizando título no repositório remoto
de12ccd Versionamento do título website
63007c2 Commit repositório local
bccf27f (tag: v0) Commit inicial.

bruno@DESKTOP-5O6OJ7D MINGW64 ~/OneDrive/Área de Trabalho/GitCursoRemoto (newdevelop)
$ git merge
Updating 135d9bf..a482b19
Fast-forward
 open.txt | 3 ++-
 1 file changed, 2 insertions(+), 1 deletion(-)


$ SE ABRI O ARQUIVO AGORA O ARQUIVO JÁ ESTARIA ATUALIZADO

*******************************************
Comando Alias, configuração para abreviação de comandos git

bruno@DESKTOP-5O6OJ7D MINGW64 ~/OneDrive/Área de Trabalho/GitCursoRemoto (newdevelop)
$ git checkout develop
Switched to branch 'develop'
Your branch is ahead of 'origin/develop' by 1 commit.
  (use "git push" to publish your local commits)

bruno@DESKTOP-5O6OJ7D MINGW64 ~/OneDrive/Área de Trabalho/GitCursoRemoto (develop)
$ git s
git: 's' is not a git command. See 'git --help'.

The most similar commands are
        show
        status
        switch
        lfs
        svn

bruno@DESKTOP-5O6OJ7D MINGW64 ~/OneDrive/Área de Trabalho/GitCursoRemoto (develop)
$ git config --global alias.s status

bruno@DESKTOP-5O6OJ7D MINGW64 ~/OneDrive/Área de Trabalho/GitCursoRemoto (develop)
$ git s
On branch develop
Your branch is ahead of 'origin/develop' by 1 commit.
  (use "git push" to publish your local commits)

nothing to commit, working tree clean

bruno@DESKTOP-5O6OJ7D MINGW64 ~/OneDrive/Área de Trabalho/GitCursoRemoto (develop)
$ git status
On branch develop
Your branch is ahead of 'origin/develop' by 1 commit.
  (use "git push" to publish your local commits)

nothing to commit, working tree clean

bruno@DESKTOP-5O6OJ7D MINGW64 ~/OneDrive/Área de Trabalho/GitCursoRemoto (develop)
$ git config --global --unset alias.s

bruno@DESKTOP-5O6OJ7D MINGW64 ~/OneDrive/Área de Trabalho/GitCursoRemoto (develop)
$ git s
git: 's' is not a git command. See 'git --help'.

The most similar commands are
        show
        status
        switch
        lfs
        svn

*******************************************
COMO IDENTIFICAR QUAL REPOSITÓRIO LOCAL ESTÁ VINCULADA AO REPOSITÓRIO LOCAL

Comando: git remote -v

bruno@DESKTOP-5O6OJ7D MINGW64 ~/OneDrive/Área de Trabalho/GitCursoRemoto (develop)
$ git remote -v
origin  https://github.com/Brunosalata/GitCursoTemplate.git (fetch)
origin  https://github.com/Brunosalata/GitCursoTemplate.git (push)

*******************************************
Como filtrar 
- Lista grande de branches
- Comando grep facilita filtragem da lista solicitada

bruno@DESKTOP-5O6OJ7D MINGW64 ~/OneDrive/Área de Trabalho/GitCursoRemoto (develop)
$ git branch
  branchkdiff3
* develop
  main
  newdevelop

bruno@DESKTOP-5O6OJ7D MINGW64 ~/OneDrive/Área de Trabalho/GitCursoRemoto (develop)
$ git branch | grep m
  main

bruno@DESKTOP-5O6OJ7D MINGW64 ~/OneDrive/Área de Trabalho/GitCursoRemoto (develop)
$ git branch | grep d
  branchkdiff3
* develop
  newdevelop

bruno@DESKTOP-5O6OJ7D MINGW64 ~/OneDrive/Área de Trabalho/GitCursoRemoto (develop)
$ git branch | grep dev
* develop
  newdevelop


$ BARRA VERTICAL OU BARRA RETA - ALT + 1 2 4

$ COMANDO GREP FILTRA AS BRANCHES PARA FACILITAR A MANIPULAÇÃO


bruno@DESKTOP-5O6OJ7D MINGW64 ~/OneDrive/Área de Trabalho/GitCursoRemoto (develop)
$ git tag
v0
v1

bruno@DESKTOP-5O6OJ7D MINGW64 ~/OneDrive/Área de Trabalho/GitCursoRemoto (develop)
$ git tag | grep 1
v1


*******************************************
Trabalhando com o BitBucket

bruno@DESKTOP-5O6OJ7D MINGW64 ~/OneDrive/Área de Trabalho/BaseCursoGit (main)
$ git status
On branch main
Your branch is ahead of 'origin/main' by 3 commits.
  (use "git push" to publish your local commits)

nothing to commit, working tree clean

bruno@DESKTOP-5O6OJ7D MINGW64 ~/OneDrive/Área de Trabalho/BaseCursoGit (main)
$ git push
Enumerating objects: 11, done.
Counting objects: 100% (11/11), done.
Delta compression using up to 4 threads
Compressing objects: 100% (9/9), done.
Writing objects: 100% (9/9), 11.15 KiB | 2.79 MiB/s, done.
Total 9 (delta 3), reused 0 (delta 0), pack-reused 0
remote: Resolving deltas: 100% (3/3), completed with 1 local object.
To https://github.com/Brunosalata/BaseCursoGit.git
   1bc9e3e..0a3dce5  main -> main

bruno@DESKTOP-5O6OJ7D MINGW64 ~/OneDrive/Área de Trabalho/BaseCursoGit (main)
$ cd ..

bruno@DESKTOP-5O6OJ7D MINGW64 ~/OneDrive/Área de Trabalho (master)
$ ssh-keygen
Generating public/private rsa key pair.
Enter file in which to save the key (/c/Users/bruno/.ssh/id_rsa):
Created directory '/c/Users/bruno/.ssh'.
Enter passphrase (empty for no passphrase):
Enter same passphrase again:
Your identification has been saved in /c/Users/bruno/.ssh/id_rsa
Your public key has been saved in /c/Users/bruno/.ssh/id_rsa.pub
The key fingerprint is:
SHA256:a/GqEYe50aAA2qkBR0Q/0NbrSgo9foeF3Mv7iLCm1X4 bruno@DESKTOP-5O6OJ7D
The key's randomart image is:
+---[RSA 3072]----+
|o+*. .           |
|o+ +o .          |
|o +.o ..         |
| o . o.=         |
|.. ..+= S        |
|. o.+ += +       |
| oo+.=o.o .      |
| .+++.E+ .       |
|.o..oo++o        |
+----[SHA256]-----+

bruno@DESKTOP-5O6OJ7D MINGW64 ~/OneDrive/Área de Trabalho (master)
$ cd ~/.ssh/

bruno@DESKTOP-5O6OJ7D MINGW64 ~/.ssh (master)
$ ls
id_rsa  id_rsa.pub

bruno@DESKTOP-5O6OJ7D MINGW64 ~/.ssh (master)
$ start .

bruno@DESKTOP-5O6OJ7D MINGW64 ~/.ssh (master)
$ eval $(ssh-agent)
Agent pid 187

bruno@DESKTOP-5O6OJ7D MINGW64 ~/.ssh (master)
$ ssh-add ~/.ssh/id_rsa
Identity added: /c/Users/bruno/.ssh/id_rsa (bruno@DESKTOP-5O6OJ7D)

bruno@DESKTOP-5O6OJ7D MINGW64 ~/.ssh (master)
$ git clone git@bitbucket.org:brunoslima1/cursogitkeyssh.git
Cloning into 'cursogitkeyssh'...
The authenticity of host 'bitbucket.org (2406:da00:ff00::22c5:2ef4)' can't be established.
RSA key fingerprint is SHA256:zzXQOXSRBEiUtuE8AikJYKwbHaxvSc0ojez9YXaGp1A.
This key is not known by any other names
Are you sure you want to continue connecting (yes/no/[fingerprint])? yes
Warning: Permanently added 'bitbucket.org' (RSA) to the list of known hosts.
remote: Enumerating objects: 4, done.
remote: Counting objects: 100% (4/4), done.
remote: Compressing objects: 100% (4/4), done.
remote: Total 4 (delta 0), reused 0 (delta 0), pack-reused 0
Receiving objects: 100% (4/4), done.


**************************************
Ferramenta para manupulação de repositórios de forma mais visual

- Source Tree

- GitKraken

Ferramentas com integração ao Git

- Visual Studio

- Android Studio