
bruno@DESKTOP-5O6OJ7D MINGW64 ~/OneDrive/Área de Trabalho (master)
$ git --version
git version 2.35.1.windows.1

bruno@DESKTOP-5O6OJ7D MINGW64 ~/OneDrive/Área de Trabalho (master)
$ git config --global user.name
Bruno Salata

bruno@DESKTOP-5O6OJ7D MINGW64 ~/OneDrive/Área de Trabalho (master)
$ git config --global user.email
brunoslima@gmail.com

bruno@DESKTOP-5O6OJ7D MINGW64 ~/OneDrive/Área de Trabalho (master)
$ cd Curso Git/
bash: cd: too many arguments

bruno@DESKTOP-5O6OJ7D MINGW64 ~/OneDrive/Área de Trabalho (master)
$ cd cursogit

bruno@DESKTOP-5O6OJ7D MINGW64 ~/OneDrive/Área de Trabalho/cursogit (master)
$ dir

bruno@DESKTOP-5O6OJ7D MINGW64 ~/OneDrive/Área de Trabalho/cursogit (master)
$ git init
Initialized empty Git repository in C:/Users/bruno/OneDrive/Área de Trabalho/cursogit/.git/

bruno@DESKTOP-5O6OJ7D MINGW64 ~/OneDrive/Área de Trabalho/cursogit (master)
$ dir

bruno@DESKTOP-5O6OJ7D MINGW64 ~/OneDrive/Área de Trabalho/cursogit (master)
$ dir -a
.  ..  .git

bruno@DESKTOP-5O6OJ7D MINGW64 ~/OneDrive/Área de Trabalho/cursogit (master)
$ git init
Reinitialized existing Git repository in C:/Users/bruno/OneDrive/Área de Trabalho/cursogit/.git/

bruno@DESKTOP-5O6OJ7D MINGW64 ~/OneDrive/Área de Trabalho/cursogit (master)
$ dir
readme.txt

bruno@DESKTOP-5O6OJ7D MINGW64 ~/OneDrive/Área de Trabalho/cursogit (master)
$ dir -a
.  ..  .git  readme.txt

bruno@DESKTOP-5O6OJ7D MINGW64 ~/OneDrive/Área de Trabalho/cursogit (master)
$ git status
On branch master

No commits yet

Untracked files:
  (use "git add <file>..." to include in what will be committed)
        readme.txt

nothing added to commit but untracked files present (use "git add" to track)

bruno@DESKTOP-5O6OJ7D MINGW64 ~/OneDrive/Área de Trabalho/cursogit (master)
$ git add readme.txt

bruno@DESKTOP-5O6OJ7D MINGW64 ~/OneDrive/Área de Trabalho/cursogit (master)
$ git status
On branch master

No commits yet

Changes to be committed:
  (use "git rm --cached <file>..." to unstage)
        new file:   readme.txt


bruno@DESKTOP-5O6OJ7D MINGW64 ~/OneDrive/Área de Trabalho/cursogit (master)
$ git add --all

bruno@DESKTOP-5O6OJ7D MINGW64 ~/OneDrive/Área de Trabalho/cursogit (master)
$ git status
On branch master

No commits yet

Changes to be committed:
  (use "git rm --cached <file>..." to unstage)
        new file:   readme.txt


bruno@DESKTOP-5O6OJ7D MINGW64 ~/OneDrive/Área de Trabalho/cursogit (master)
$ git add --all / git add -A / git add .    mesmo comendo para adicionar todos os arquivos da pasta como reastraáveis (as alterações passarão a ser monitoradas)
bash: syntax error near unexpected token `('





bruno@DESKTOP-5O6OJ7D MINGW64 ~/OneDrive/Área de Trabalho/cursogit (master)
$ git status
On branch master

No commits yet

Changes to be committed:
  (use "git rm --cached <file>..." to unstage)
        new file:   readme.txt

Untracked files:
  (use "git add <file>..." to include in what will be committed)
        "Hist\303\263rico Git Bash.txt"


bruno@DESKTOP-5O6OJ7D MINGW64 ~/OneDrive/Área de Trabalho/cursogit (master)
$ git commit -m "adição do arquivo readme"
[master (root-commit) f2d1858] adição do arquivo readme
 1 file changed, 1 insertion(+)
 create mode 100644 readme.txt

bruno@DESKTOP-5O6OJ7D MINGW64 ~/OneDrive/Área de Trabalho/cursogit (master)
$ git status
On branch master
Untracked files:
  (use "git add <file>..." to include in what will be committed)
        "Hist\303\263rico Git Bash.txt"

nothing added to commit but untracked files present (use "git add" to track)

bruno@DESKTOP-5O6OJ7D MINGW64 ~/OneDrive/Área de Trabalho/cursogit (master)
$ git status
On branch master
nothing to commit, working tree clean

bruno@DESKTOP-5O6OJ7D MINGW64 ~/OneDrive/Área de Trabalho/cursogit (master)
$ git status
On branch master
Untracked files:
  (use "git add <file>..." to include in what will be committed)
        readme - Copia.txt

nothing added to commit but untracked files present (use "git add" to track)

bruno@DESKTOP-5O6OJ7D MINGW64 ~/OneDrive/Área de Trabalho/cursogit (master)
$ git status
On branch master
Changes not staged for commit:
  (use "git add <file>..." to update what will be committed)
  (use "git restore <file>..." to discard changes in working directory)
        modified:   readme.txt

Untracked files:
  (use "git add <file>..." to include in what will be committed)
        readme - Copia.txt

no changes added to commit (use "git add" and/or "git commit -a")

bruno@DESKTOP-5O6OJ7D MINGW64 ~/OneDrive/Área de Trabalho/cursogit (master)
$ git add -A

bruno@DESKTOP-5O6OJ7D MINGW64 ~/OneDrive/Área de Trabalho/cursogit (master)
$ git status
On branch master
Changes to be committed:
  (use "git restore --staged <file>..." to unstage)
        new file:   readme - Copia.txt
        modified:   readme.txt


bruno@DESKTOP-5O6OJ7D MINGW64 ~/OneDrive/Área de Trabalho/cursogit (master)
$ git status
On branch master
Changes to be committed:
  (use "git restore --staged <file>..." to unstage)
        new file:   readme - Copia.txt
        modified:   readme.txt

Changes not staged for commit:
  (use "git add <file>..." to update what will be committed)
  (use "git restore <file>..." to discard changes in working directory)
        modified:   readme.txt


bruno@DESKTOP-5O6OJ7D MINGW64 ~/OneDrive/Área de Trabalho/cursogit (master)
$ git add -A

bruno@DESKTOP-5O6OJ7D MINGW64 ~/OneDrive/Área de Trabalho/cursogit (master)
$ git status
On branch master
Changes to be committed:
  (use "git restore --staged <file>..." to unstage)
        new file:   readme - Copia.txt
        modified:   readme.txt


bruno@DESKTOP-5O6OJ7D MINGW64 ~/OneDrive/Área de Trabalho/cursogit (master)
$ git commit -m "explicação tres estados do git"
[master 16a340d] explicação tres estados do git
 2 files changed, 6 insertions(+), 1 deletion(-)
 create mode 100644 readme - Copia.txt

_____________________________________________________________
Acesso ao diretório para continuar o trabalho foi feito indo ao diretório manualmente, clicando com o botão direito do mouse e selecionando "Git Bash Here"
_____________________________________________________________


bruno@DESKTOP-5O6OJ7D MINGW64 ~/OneDrive/Área de Trabalho/cursogit (master)
$ dir
config.txt  readme.txt

bruno@DESKTOP-5O6OJ7D MINGW64 ~/OneDrive/Área de Trabalho/cursogit (master)
$ git log
commit e5a68364c76c3f6ca137ad67cf904260423504ca (HEAD -> master)
Author: Bruno Salata <brunoslima@gmail.com>
Date:   Fri Feb 18 15:41:19 2022 -0300

    modificações

commit 16a340d3b09a32826ec23451e5ba59f06d3c1f0a
Author: Bruno Salata <brunoslima@gmail.com>
Date:   Thu Feb 17 19:32:38 2022 -0300

    explicação tres estados do git

commit f2d185835f62872abe3a4489ab8f070004d55722
Author: Bruno Salata <brunoslima@gmail.com>
Date:   Thu Feb 17 18:56:53 2022 -0300

    adição do arquivo readme

bruno@DESKTOP-5O6OJ7D MINGW64 ~/OneDrive/Área de Trabalho/cursogit (master)
$ Alterações aparecem da mais recente para a mais antiga
bash: Alterações: command not found

bruno@DESKTOP-5O6OJ7D MINGW64 ~/OneDrive/Área de Trabalho/cursogit (master)
$ cha = código único que identifica o commit
bash: cha: command not found

bruno@DESKTOP-5O6OJ7D MINGW64 ~/OneDrive/Área de Trabalho/cursogit (master)
$ alteração seguida da mensagem explicativa incluida no momento do commit -m "mensagem"
bash: alteração: command not found

bruno@DESKTOP-5O6OJ7D MINGW64 ~/OneDrive/Área de Trabalho/cursogit (master)
$ HEAD aponta a última modificação feita em uma branch
HEAD: cannot open 'aponta' for reading: No such file or directory
HEAD: cannot open 'a' for reading: No such file or directory
HEAD: cannot open 'última' for reading: No such file or directory
HEAD: cannot open 'modificação' for reading: No such file or directory
HEAD: cannot open 'feita' for reading: No such file or directory
HEAD: cannot open 'em' for reading: No such file or directory
HEAD: cannot open 'uma' for reading: No such file or directory
HEAD: cannot open 'branch' for reading: No such file or directory

bruno@DESKTOP-5O6OJ7D MINGW64 ~/OneDrive/Área de Trabalho/cursogit (master)
$ git log --online
fatal: unrecognized argument: --online

bruno@DESKTOP-5O6OJ7D MINGW64 ~/OneDrive/Área de Trabalho/cursogit (master)
$ git log --oneline
e5a6836 (HEAD -> master) modificações
16a340d explicação tres estados do git
f2d1858 adição do arquivo readme





bruno@DESKTOP-5O6OJ7D MINGW64 ~/OneDrive/Área de Trabalho/cursogit (master)
$ git log
commit e5a68364c76c3f6ca137ad67cf904260423504ca (HEAD -> master)
Author: Bruno Salata <brunoslima@gmail.com>
Date:   Fri Feb 18 15:41:19 2022 -0300

    modificações

commit 16a340d3b09a32826ec23451e5ba59f06d3c1f0a
Author: Bruno Salata <brunoslima@gmail.com>
Date:   Thu Feb 17 19:32:38 2022 -0300

    explicação tres estados do git

commit f2d185835f62872abe3a4489ab8f070004d55722
Author: Bruno Salata <brunoslima@gmail.com>
Date:   Thu Feb 17 18:56:53 2022 -0300

    adição do arquivo readme

bruno@DESKTOP-5O6OJ7D MINGW64 ~/OneDrive/Área de Trabalho/cursogit (master)
$ git checkout 16a340
Note: switching to '16a340'.

You are in 'detached HEAD' state. You can look around, make experimental
changes and commit them, and you can discard any commits you make in this
state without impacting any branches by switching back to a branch.

If you want to create a new branch to retain commits you create, you may
do so (now or later) by using -c with the switch command. Example:

  git switch -c <new-branch-name>

Or undo this operation with:

  git switch -

Turn off this advice by setting config variable advice.detachedHead to false

HEAD is now at 16a340d explicação tres estados do git

bruno@DESKTOP-5O6OJ7D MINGW64 ~/OneDrive/Área de Trabalho/cursogit ((16a340d...))
$ git log
commit 16a340d3b09a32826ec23451e5ba59f06d3c1f0a (HEAD)
Author: Bruno Salata <brunoslima@gmail.com>
Date:   Thu Feb 17 19:32:38 2022 -0300

    explicação tres estados do git

commit f2d185835f62872abe3a4489ab8f070004d55722
Author: Bruno Salata <brunoslima@gmail.com>
Date:   Thu Feb 17 18:56:53 2022 -0300

    adição do arquivo readme

bruno@DESKTOP-5O6OJ7D MINGW64 ~/OneDrive/Área de Trabalho/cursogit ((16a340d...))
$ git checkout master
Previous HEAD position was 16a340d explicação tres estados do git
Switched to branch 'master'

bruno@DESKTOP-5O6OJ7D MINGW64 ~/OneDrive/Área de Trabalho/cursogit (master)
$ git log
commit e5a68364c76c3f6ca137ad67cf904260423504ca (HEAD -> master)
Author: Bruno Salata <brunoslima@gmail.com>
Date:   Fri Feb 18 15:41:19 2022 -0300

    modificações

commit 16a340d3b09a32826ec23451e5ba59f06d3c1f0a
Author: Bruno Salata <brunoslima@gmail.com>
Date:   Thu Feb 17 19:32:38 2022 -0300

    explicação tres estados do git

commit f2d185835f62872abe3a4489ab8f070004d55722
Author: Bruno Salata <brunoslima@gmail.com>
Date:   Thu Feb 17 18:56:53 2022 -0300

    adição do arquivo readme





bruno@DESKTOP-5O6OJ7D MINGW64 ~/OneDrive/Área de Trabalho/cursogit (master)
$ git status
On branch master
nothing to commit, working tree clean

bruno@DESKTOP-5O6OJ7D MINGW64 ~/OneDrive/Área de Trabalho/cursogit (master)
$ Como desfazer alterações dentro do documento
bash: Como: command not found

bruno@DESKTOP-5O6OJ7D MINGW64 ~/OneDrive/Área de Trabalho/cursogit (master)
$ git status
On branch master
Changes not staged for commit:
  (use "git add <file>..." to update what will be committed)
  (use "git restore <file>..." to discard changes in working directory)
        modified:   config.txt

no changes added to commit (use "git add" and/or "git commit -a")

bruno@DESKTOP-5O6OJ7D MINGW64 ~/OneDrive/Área de Trabalho/cursogit (master)
$ git diff
diff --git a/config.txt b/config.txt
index 47c6473..668cd38 100644
--- a/config.txt
+++ b/config.txt
@@ -1,7 +1,7 @@
 <?xml version="1.0" encoding="utf-8" ?>
 <configuration>
    <appSettings>
-       add key="Teste1" value="Valor para chave Teste1" />
+       add key="Teste1" value="123456789" />
        add key="Teste1" value="Valor para chave Teste2" />
    </appSettings>
 </configuration>
\ No newline at end of file

bruno@DESKTOP-5O6OJ7D MINGW64 ~/OneDrive/Área de Trabalho/cursogit (master)
$ git checkout config.txt
Updated 1 path from the index

bruno@DESKTOP-5O6OJ7D MINGW64 ~/OneDrive/Área de Trabalho/cursogit (master)
$ Comando acima retornou o valor inicial à linha alterada
bash: Comando: command not found

bruno@DESKTOP-5O6OJ7D MINGW64 ~/OneDrive/Área de Trabalho/cursogit (master)
$ git status
On branch master
nothing to commit, working tree clean

bruno@DESKTOP-5O6OJ7D MINGW64 ~/OneDrive/Área de Trabalho/cursogit (master)
$ deletando um arquivo e retornando ele, desfazendo a deleção
bash: deletando: command not found

bruno@DESKTOP-5O6OJ7D MINGW64 ~/OneDrive/Área de Trabalho/cursogit (master)
$ git checkout config.txt
Updated 1 path from the index

bruno@DESKTOP-5O6OJ7D MINGW64 ~/OneDrive/Área de Trabalho/cursogit (master)
$ git status
On branch master
nothing to commit, working tree clean

bruno@DESKTOP-5O6OJ7D MINGW64 ~/OneDrive/Área de Trabalho/cursogit (master)
$ Para desfazer todas as mudanças da branch
bash: Para: command not found

bruno@DESKTOP-5O6OJ7D MINGW64 ~/OneDrive/Área de Trabalho/cursogit (master)
$ git reset --hard
HEAD is now at e5a6836 modificações

bruno@DESKTOP-5O6OJ7D MINGW64 ~/OneDrive/Área de Trabalho/cursogit (master)
$ git status
On branch master
Untracked files:
  (use "git add <file>..." to include in what will be committed)
        teste.txt

nothing added to commit but untracked files present (use "git add" to track)

bruno@DESKTOP-5O6OJ7D MINGW64 ~/OneDrive/Área de Trabalho/cursogit (master)
$ git reset --hard
HEAD is now at e5a6836 modificações

bruno@DESKTOP-5O6OJ7D MINGW64 ~/OneDrive/Área de Trabalho/cursogit (master)
$ git status
On branch master
Untracked files:
  (use "git add <file>..." to include in what will be committed)
        teste.txt

nothing added to commit but untracked files present (use "git add" to track)

bruno@DESKTOP-5O6OJ7D MINGW64 ~/OneDrive/Área de Trabalho/cursogit (master)
$ git clean
fatal: clean.requireForce defaults to true and neither -i, -n, nor -f given; refusing to clean

bruno@DESKTOP-5O6OJ7D MINGW64 ~/OneDrive/Área de Trabalho/cursogit (master)
$ para forçar a deleção de novos arquivos adicionados à branch, que não estejam restreados (commited)
bash: syntax error near unexpected token `('

bruno@DESKTOP-5O6OJ7D MINGW64 ~/OneDrive/Área de Trabalho/cursogit (master)
$ git clean -f
Removing teste.txt

bruno@DESKTOP-5O6OJ7D MINGW64 ~/OneDrive/Área de Trabalho/cursogit (master)
$ git status
On branch master
Untracked files:
  (use "git add <file>..." to include in what will be committed)
        teste2.txt

nothing added to commit but untracked files present (use "git add" to track)

bruno@DESKTOP-5O6OJ7D MINGW64 ~/OneDrive/Área de Trabalho/cursogit (master)
$ git add teste.txt
fatal: pathspec 'teste.txt' did not match any files

bruno@DESKTOP-5O6OJ7D MINGW64 ~/OneDrive/Área de Trabalho/cursogit (master)
$ git add teste2.txt

bruno@DESKTOP-5O6OJ7D MINGW64 ~/OneDrive/Área de Trabalho/cursogit (master)
$ git status
On branch master
Changes to be committed:
  (use "git restore --staged <file>..." to unstage)
        new file:   teste2.txt


bruno@DESKTOP-5O6OJ7D MINGW64 ~/OneDrive/Área de Trabalho/cursogit (master)
$ uma vez adicionado, o git sabe que o arquivo é novo e poderá ser tratado com um arquivo rastreado
bash: uma: command not found

bruno@DESKTOP-5O6OJ7D MINGW64 ~/OneDrive/Área de Trabalho/cursogit (master)
$ git reset --hard
HEAD is now at e5a6836 modificações



___________
Comando pelo Prompt de Comando Windows, pois o Bash não possui esse comando

Microsoft Windows [versão 10.0.19044.1526]
(c) Microsoft Corporation. Todos os direitos reservados.

C:\Users\bruno>cd C:\Users\bruno\OneDrive\Área de Trabalho\cursogit

C:\Users\bruno\OneDrive\Área de Trabalho\cursogit>dir
 O volume na unidade C é Windows
 O Número de Série do Volume é 56D6-F64A

 Pasta de C:\Users\bruno\OneDrive\Área de Trabalho\cursogit

22/02/2022  14:13    <DIR>          .
22/02/2022  14:13    <DIR>          ..
22/02/2022  11:51               219 configcopia.txt
22/02/2022  11:51               219 config.txt
22/02/2022  11:32                92 readme.txt
               3 arquivo(s)            530 bytes
               2 pasta(s)   177.793.060.864 bytes disponíveis

C:\Users\bruno\OneDrive\Área de Trabalho\cursogit>ren configcopia.txt .gitignore

Assim, criamos um arquivo .gitignore, sem um nome, apenas a extensão.
Inclui no .gitignore o arquivo a ser ignorado.
____________

bruno@DESKTOP-5O6OJ7D MINGW64 ~/OneDrive/Área de Trabalho/cursogit (master)
$ git status
On branch master
Untracked files:
  (use "git add <file>..." to include in what will be committed)
        .gitignore
        teste.bmp

nothing added to commit but untracked files present (use "git add" to track)

bruno@DESKTOP-5O6OJ7D MINGW64 ~/OneDrive/Área de Trabalho/cursogit (master)
$ git status
On branch master
Untracked files:
  (use "git add <file>..." to include in what will be committed)
        .gitignore

nothing added to commit but untracked files present (use "git add" to track)

________________________________
Clonagem de repositório local

bruno@DESKTOP-5O6OJ7D MINGW64 ~/OneDrive/Área de Trabalho/cursogit (master)
$ cd ..

bruno@DESKTOP-5O6OJ7D MINGW64 ~/OneDrive/Área de Trabalho (master)
$ git clone cursogit/ testegit
Cloning into 'testegit'...
done.

bruno@DESKTOP-5O6OJ7D MINGW64 ~/OneDrive/Área de Trabalho (master)
$ cd testegit/

bruno@DESKTOP-5O6OJ7D MINGW64 ~/OneDrive/Área de Trabalho/testegit (master)
$ git log
commit e5a68364c76c3f6ca137ad67cf904260423504ca (HEAD -> master, origin/master, origin/HEAD)
Author: Bruno Salata <brunoslima@gmail.com>
Date:   Fri Feb 18 15:41:19 2022 -0300

    modificações

commit 16a340d3b09a32826ec23451e5ba59f06d3c1f0a
Author: Bruno Salata <brunoslima@gmail.com>
Date:   Thu Feb 17 19:32:38 2022 -0300

    explicação tres estados do git

commit f2d185835f62872abe3a4489ab8f070004d55722
Author: Bruno Salata <brunoslima@gmail.com>
Date:   Thu Feb 17 18:56:53 2022 -0300

    adição do arquivo readme

__________________________________
Clonagem do servidor Github

bruno@DESKTOP-5O6OJ7D MINGW64 ~/OneDrive/Área de Trabalho (master)
$ git clone ^[[200~https://github.com/DevMasterTeam/GitCompleto.git
Cloning into 'GitCompleto'...
fatal: protocol '?[200~https' is not supported

bruno@DESKTOP-5O6OJ7D MINGW64 ~/OneDrive/Área de Trabalho (master)
$ git clone https://github.com/DevMasterTeam/GitCompleto.git
Cloning into 'GitCompleto'...
remote: Enumerating objects: 1725, done.
remote: Counting objects: 100% (27/27), done.
remote: Compressing objects: 100% (27/27), done.
remote: Total 1725 (delta 16), reused 1 (delta 0), pack-reused 1698
Receiving objects: 100% (1725/1725), 4.35 MiB | 5.31 MiB/s, done.
Resolving deltas: 100% (108/108), done.
Updating files: 100% (1632/1632), done.

bruno@DESKTOP-5O6OJ7D MINGW64 ~/OneDrive/Área de Trabalho (master)
$ cd GitCompleto/

bruno@DESKTOP-5O6OJ7D MINGW64 ~/OneDrive/Área de Trabalho/GitCompleto (master)
$ git log
commit 89a063595e373ac54439791a9d17e8677d59b872 (HEAD -> master, origin/master, origin/HEAD)
Author: DevMasterTeam <devmasterteam@gmail.com>
Date:   Sat Mar 23 02:55:20 2019 -0300

    Atualização arquivo README para maior clareza a respeito do projeto.

commit 806a708d9165894e0df6b8d53b63d3266649af41
Merge: ffaabda 62ea14a
Author: Gabriel Ferrari <devmasterteam@gmail.com>
Date:   Sun Jan 20 01:14:58 2019 -0200

    Tradução - Resolvendo conflitos

commit 62ea14a18ef632549cca11489e8318a6c03519ad
Author: DevMasterTeam <DevMasterTeam@users.noreply.github.com>
Date:   Sun Jan 20 01:09:10 2019 -0200

    Traduzindo para espanhol

commit ffaabda29a60fdcc138366d69848f91d820cb688
Author: Gabriel Ferrari <devmasterteam@gmail.com>
Date:   Sun Jan 20 01:07:40 2019 -0200

    Tradução do site - 2

commit 3c8e8c2368b66d304b225b74b075f5519aa9c0d2
Author: Gabriel Ferrari <devmasterteam@gmail.com>
Date:   Sun Jan 20 00:13:41 2019 -0200

    Tradução do projeto

commit 6c06f3655b92cfee3293c4d6ac388d1c8d0ead8b
Author: DevMasterTeam <DevMasterTeam@users.noreply.github.com>
Date:   Thu Jan 17 00:12:27 2019 -0200

    Atualizando título do website

commit 0d10bddec33f3df4d1ffd38b8e0c892e1813b6eb
Author: Gabriel Ferrari <devmasterteam@gmail.com>
Date:   Thu Jan 17 00:06:16 2019 -0200

    Alteração título website

commit 03428e3fb013f7c95e0480444e9d09839050ffcc
Author: Gabriel Ferrari <devmasterteam@gmail.com>
Date:   Wed Jan 16 23:08:33 2019 -0200

    Versionando projeto

commit 71a980a48f26b364ba9e50000a3a900285e0ecee
Author: DevMasterTeam <DevMasterTeam@users.noreply.github.com>
Date:   Wed Jan 16 23:06:12 2019 -0200

    Atualização readme e adicionando referência onde projeto de exemplo foi baixado.

commit cb3b85e184de15a9ab31551a7701a61e739f43eb (tag: v0)
Author: DevMasterTeam <DevMasterTeam@users.noreply.github.com>
Date:   Wed Jan 16 23:02:31 2019 -0200

    Initial commit
(END)

___________________________________
Iniciando estudo no GitHub

bruno@DESKTOP-5O6OJ7D MINGW64 ~/OneDrive/Área de Trabalho/GitCompleto (master)
$ git status
On branch master
Your branch is up to date with 'origin/master'.

Changes not staged for commit:
  (use "git add <file>..." to update what will be committed)
  (use "git restore <file>..." to discard changes in working directory)
        modified:   index.html

no changes added to commit (use "git add" and/or "git commit -a")

bruno@DESKTOP-5O6OJ7D MINGW64 ~/OneDrive/Área de Trabalho/GitCompleto (master)
$ git diff
diff --git a/index.html b/index.html
index 1050e6e..971858f 100644
--- a/index.html
+++ b/index.html
@@ -8,7 +8,7 @@
     <meta name="description" content="">
     <meta name="author" content="">

-    <title>DevMasterTeam - Code & Learning</title>
+    <title>GitHub - Repositório remoto</title>

     <!-- Bootstrap core CSS -->
     <link href="vendor/bootstrap/css/bootstrap.min.css" rel="stylesheet">

bruno@DESKTOP-5O6OJ7D MINGW64 ~/OneDrive/Área de Trabalho/GitCompleto (master)
$ git add index.html

bruno@DESKTOP-5O6OJ7D MINGW64 ~/OneDrive/Área de Trabalho/GitCompleto (master)
$ git status
On branch master
Your branch is up to date with 'origin/master'.

Changes to be committed:
  (use "git restore --staged <file>..." to unstage)
        modified:   index.html


bruno@DESKTOP-5O6OJ7D MINGW64 ~/OneDrive/Área de Trabalho/GitCompleto (master)
$ \git commit -m "Alteração título website"
[master f6f2b44] Alteração título website
 1 file changed, 1 insertion(+), 1 deletion(-)

bruno@DESKTOP-5O6OJ7D MINGW64 ~/OneDrive/Área de Trabalho/GitCompleto (master)
$ git push
remote: Permission to DevMasterTeam/GitCompleto.git denied to Brunosalata.
fatal: unable to access 'https://github.com/DevMasterTeam/GitCompleto.git/': The requested URL returned error: 403

bruno@DESKTOP-5O6OJ7D MINGW64 ~/OneDrive/Área de Trabalho/GitCompleto (master)
$ git push https://github.com/Brunosalata/GitCursoTemplate.git
Enumerating objects: 1679, done.
Counting objects: 100% (1679/1679), done.
Delta compression using up to 4 threads
Compressing objects: 100% (1597/1597), done.
Writing objects: 100% (1679/1679), 4.28 MiB | 5.10 MiB/s, done.
Total 1679 (delta 81), reused 1675 (delta 79), pack-reused 0
remote: Resolving deltas: 100% (81/81), done.
remote:
remote: Create a pull request for 'master' on GitHub by visiting:
remote:      https://github.com/Brunosalata/GitCursoTemplate/pull/new/master
remote:
To https://github.com/Brunosalata/GitCursoTemplate.git
 * [new branch]      master -> master

____________________________________
Problema encontrado:
- Repositório remoto estava endereçado para o perfil do criador do curso DevMasterTeam.

Solução:
- Clonar o repositório remoto (DevMAsterTeam) em um repositório local e enviar o conteúdo dele para o novo repositório do projeto dentro do meu perfil pessoal do GitHub.
____________________________________
Versão corrigida:

bruno@DESKTOP-5O6OJ7D MINGW64 ~/OneDrive/Área de Trabalho/GitCursoRemoto (main)
$ git status
On branch main
Your branch is ahead of 'origin/main' by 1 commit.
  (use "git push" to publish your local commits)

nothing to commit, working tree clean

**** Clonagem do repositório DevMasterTeam para o repositório local GitCursoRemoto****
bruno@DESKTOP-5O6OJ7D MINGW64 ~/OneDrive/Área de Trabalho/GitCursoRemoto (main)
$ git status
On branch main
Your branch is ahead of 'origin/main' by 1 commit.
  (use "git push" to publish your local commits)

Changes not staged for commit:
  (use "git add <file>..." to update what will be committed)
  (use "git restore <file>..." to discard changes in working directory)
        modified:   index.html

no changes added to commit (use "git add" and/or "git commit -a")

bruno@DESKTOP-5O6OJ7D MINGW64 ~/OneDrive/Área de Trabalho/GitCursoRemoto (main)
$ git diff
warning: LF will be replaced by CRLF in index.html.
The file will have its original line endings in your working directory
diff --git a/index.html b/index.html
index bd7b942..30576ae 100644
--- a/index.html
+++ b/index.html
@@ -8,7 +8,7 @@
     <meta name="description" content="">
     <meta name="author" content="">

-    <title>GitHub - Repositório alteração</title>
+    <title>GitHub - Teste 1</title>

     <!-- Bootstrap core CSS -->
     <link href="vendor/bootstrap/css/bootstrap.min.css" rel="stylesheet">

bruno@DESKTOP-5O6OJ7D MINGW64 ~/OneDrive/Área de Trabalho/GitCursoRemoto (main)
$ git add index.html
warning: LF will be replaced by CRLF in index.html.
The file will have its original line endings in your working directory

bruno@DESKTOP-5O6OJ7D MINGW64 ~/OneDrive/Área de Trabalho/GitCursoRemoto (main)
$ git status
On branch main
Your branch is ahead of 'origin/main' by 1 commit.
  (use "git push" to publish your local commits)

Changes to be committed:
  (use "git restore --staged <file>..." to unstage)
        modified:   index.html


bruno@DESKTOP-5O6OJ7D MINGW64 ~/OneDrive/Área de Trabalho/GitCursoRemoto (main)
$ \git commit -m "Versionamento do título website"
[main de12ccd] Versionamento do título website
 1 file changed, 1 insertion(+), 1 deletion(-)

bruno@DESKTOP-5O6OJ7D MINGW64 ~/OneDrive/Área de Trabalho/GitCursoRemoto (main)
$ git push
Enumerating objects: 1654, done.
Counting objects: 100% (1654/1654), done.
Delta compression using up to 4 threads
Compressing objects: 100% (1587/1587), done.
Writing objects: 100% (1653/1653), 4.27 MiB | 988.00 KiB/s, done.
Total 1653 (delta 67), reused 1648 (delta 65), pack-reused 0
remote: Resolving deltas: 100% (67/67), done.
To https://github.com/Brunosalata/GitCursoTemplate.git
   bccf27f..de12ccd  main -> main

bruno@DESKTOP-5O6OJ7D MINGW64 ~/OneDrive/Área de Trabalho/GitCursoRemoto (main)
$ git status
On branch main
Your branch is up to date with 'origin/main'.

nothing to commit, working tree clean

bruno@DESKTOP-5O6OJ7D MINGW64 ~/OneDrive/Área de Trabalho/GitCursoRemoto (main)
$ git pull
remote: Enumerating objects: 5, done.
remote: Counting objects: 100% (5/5), done.
remote: Compressing objects: 100% (3/3), done.
remote: Total 3 (delta 2), reused 0 (delta 0), pack-reused 0
Unpacking objects: 100% (3/3), 719 bytes | 17.00 KiB/s, done.
From https://github.com/Brunosalata/GitCursoTemplate
   de12ccd..b964c0f  main       -> origin/main
Updating de12ccd..b964c0f
Fast-forward
 index.html | 2 +-
 1 file changed, 1 insertion(+), 1 deletion(-)


_____________
Fazendo alteração em um arquivo no repositório local e atualizando arquivo no remoto, para fazer o pull request ao owner do projeto original

bruno@DESKTOP-5O6OJ7D MINGW64 ~/OneDrive/Área de Trabalho/GitCursoRemoto (main)
$ git status
On branch main
Your branch is up to date with 'origin/main'.

Untracked files:
  (use "git add <file>..." to include in what will be committed)
        open.txt

nothing added to commit but untracked files present (use "git add" to track)

bruno@DESKTOP-5O6OJ7D MINGW64 ~/OneDrive/Área de Trabalho/GitCursoRemoto (main)
$ git push
fatal: unable to access 'https://github.com/Brunosalata/GitCursoTemplate.git/': Could not resolve host: github.com

bruno@DESKTOP-5O6OJ7D MINGW64 ~/OneDrive/Área de Trabalho/GitCursoRemoto (main)
$ \git add open.txt

bruno@DESKTOP-5O6OJ7D MINGW64 ~/OneDrive/Área de Trabalho/GitCursoRemoto (main)
$ git commit -m "Arquivo Open duas linhas"
[main 04a8421] Arquivo Open duas linhas
 1 file changed, 2 insertions(+)
 create mode 100644 open.txt

bruno@DESKTOP-5O6OJ7D MINGW64 ~/OneDrive/Área de Trabalho/GitCursoRemoto (main)
$ git push
Enumerating objects: 4, done.
Counting objects: 100% (4/4), done.
Delta compression using up to 4 threads
Compressing objects: 100% (2/2), done.
Writing objects: 100% (3/3), 325 bytes | 325.00 KiB/s, done.
Total 3 (delta 1), reused 0 (delta 0), pack-reused 0
remote: Resolving deltas: 100% (1/1), completed with 1 local object.
To https://github.com/Brunosalata/GitCursoTemplate.git
   b964c0f..04a8421  main -> main

bruno@DESKTOP-5O6OJ7D MINGW64 ~/OneDrive/Área de Trabalho/GitCursoRemoto (main)
$ git status
On branch main
Your branch is up to date with 'origin/main'.

Changes not staged for commit:
  (use "git add <file>..." to update what will be committed)
  (use "git restore <file>..." to discard changes in working directory)
        modified:   open.txt

no changes added to commit (use "git add" and/or "git commit -a")

bruno@DESKTOP-5O6OJ7D MINGW64 ~/OneDrive/Área de Trabalho/GitCursoRemoto (main)
$ git add .

bruno@DESKTOP-5O6OJ7D MINGW64 ~/OneDrive/Área de Trabalho/GitCursoRemoto (main)
$ git commit -m "Uma linha só"
[main 0a43e7b] Uma linha só
 1 file changed, 1 insertion(+), 2 deletions(-)

bruno@DESKTOP-5O6OJ7D MINGW64 ~/OneDrive/Área de Trabalho/GitCursoRemoto (main)
$ git push
Enumerating objects: 5, done.
Counting objects: 100% (5/5), done.
Delta compression using up to 4 threads
Compressing objects: 100% (2/2), done.
Writing objects: 100% (3/3), 297 bytes | 297.00 KiB/s, done.
Total 3 (delta 1), reused 0 (delta 0), pack-reused 0
remote: Resolving deltas: 100% (1/1), completed with 1 local object.
To https://github.com/Brunosalata/GitCursoTemplate.git
   04a8421..0a43e7b  main -> main


bruno@DESKTOP-5O6OJ7D MINGW64 ~/OneDrive/Área de Trabalho/GitCursoRemoto (main)
$ cd ..

bruno@DESKTOP-5O6OJ7D MINGW64 ~/OneDrive/Área de Trabalho (master)
$ git clone https://github.com/Brunosalata/BaseCursoGit.git
Cloning into 'BaseCursoGit'...
remote: Enumerating objects: 5, done.
remote: Counting objects: 100% (5/5), done.
remote: Compressing objects: 100% (5/5), done.
remote: Total 5 (delta 0), reused 0 (delta 0), pack-reused 0
Receiving objects: 100% (5/5), 84.74 KiB | 5.65 MiB/s, done.

bruno@DESKTOP-5O6OJ7D MINGW64 ~/OneDrive/Área de Trabalho (master)
$ cd BaseCursoGit.git
bash: cd: BaseCursoGit.git: No such file or directory

bruno@DESKTOP-5O6OJ7D MINGW64 ~/OneDrive/Área de Trabalho (master)
$ cd BaseCursoGit
